Archive member included to satisfy reference by file (symbol)

c:/progra~1/raspbe~1/picosd~1.1/gcc-ar~1/bin/../lib/gcc/arm-none-eabi/10.3.1/thumb/v6-m/nofp\libgcc.a(_dvmd_tls.o)
                              CMakeFiles/encoder_v1.dir/C_/Program_Files/Raspberry_Pi/Pico_SDK_v1.5.1/pico-sdk/src/rp2_common/pico_divider/divider.S.obj (__aeabi_idiv0)
c:/progra~1/raspbe~1/picosd~1.1/gcc-ar~1/bin/../lib/gcc/arm-none-eabi/10.3.1/../../../../arm-none-eabi/lib/thumb/v6-m/nofp\libg.a(lib_a-atoi.o)
                              CMakeFiles/encoder_v1.dir/src/mqtt.c.obj (atoi)
c:/progra~1/raspbe~1/picosd~1.1/gcc-ar~1/bin/../lib/gcc/arm-none-eabi/10.3.1/../../../../arm-none-eabi/lib/thumb/v6-m/nofp\libg.a(lib_a-calloc.o)
                              CMakeFiles/encoder_v1.dir/C_/Program_Files/Raspberry_Pi/Pico_SDK_v1.5.1/pico-sdk/src/rp2_common/pico_malloc/pico_malloc.c.obj (calloc)
c:/progra~1/raspbe~1/picosd~1.1/gcc-ar~1/bin/../lib/gcc/arm-none-eabi/10.3.1/../../../../arm-none-eabi/lib/thumb/v6-m/nofp\libg.a(lib_a-callocr.o)
                              c:/progra~1/raspbe~1/picosd~1.1/gcc-ar~1/bin/../lib/gcc/arm-none-eabi/10.3.1/../../../../arm-none-eabi/lib/thumb/v6-m/nofp\libg.a(lib_a-calloc.o) (_calloc_r)
c:/progra~1/raspbe~1/picosd~1.1/gcc-ar~1/bin/../lib/gcc/arm-none-eabi/10.3.1/../../../../arm-none-eabi/lib/thumb/v6-m/nofp\libg.a(lib_a-ctype_.o)
                              CMakeFiles/encoder_v1.dir/C_/Program_Files/Raspberry_Pi/Pico_SDK_v1.5.1/pico-sdk/lib/lwip/src/core/dns.c.obj (_ctype_)
c:/progra~1/raspbe~1/picosd~1.1/gcc-ar~1/bin/../lib/gcc/arm-none-eabi/10.3.1/../../../../arm-none-eabi/lib/thumb/v6-m/nofp\libg.a(lib_a-errno.o)
                              c:/progra~1/raspbe~1/picosd~1.1/gcc-ar~1/bin/../lib/gcc/arm-none-eabi/10.3.1/../../../../arm-none-eabi/lib/thumb/v6-m/nofp\libg.a(lib_a-callocr.o) (__errno)
c:/progra~1/raspbe~1/picosd~1.1/gcc-ar~1/bin/../lib/gcc/arm-none-eabi/10.3.1/../../../../arm-none-eabi/lib/thumb/v6-m/nofp\libg.a(lib_a-impure.o)
                              c:/progra~1/raspbe~1/picosd~1.1/gcc-ar~1/bin/../lib/gcc/arm-none-eabi/10.3.1/../../../../arm-none-eabi/lib/thumb/v6-m/nofp\libg.a(lib_a-calloc.o) (_impure_ptr)
c:/progra~1/raspbe~1/picosd~1.1/gcc-ar~1/bin/../lib/gcc/arm-none-eabi/10.3.1/../../../../arm-none-eabi/lib/thumb/v6-m/nofp\libg.a(lib_a-init.o)
                              c:/progra~1/raspbe~1/picosd~1.1/gcc-ar~1/bin/../lib/gcc/arm-none-eabi/10.3.1/../../../../arm-none-eabi/lib/thumb/v6-m/nofp/crt0.o (__libc_init_array)
c:/progra~1/raspbe~1/picosd~1.1/gcc-ar~1/bin/../lib/gcc/arm-none-eabi/10.3.1/../../../../arm-none-eabi/lib/thumb/v6-m/nofp\libg.a(lib_a-malloc.o)
                              CMakeFiles/encoder_v1.dir/C_/Program_Files/Raspberry_Pi/Pico_SDK_v1.5.1/pico-sdk/src/rp2_common/pico_malloc/pico_malloc.c.obj (malloc)
c:/progra~1/raspbe~1/picosd~1.1/gcc-ar~1/bin/../lib/gcc/arm-none-eabi/10.3.1/../../../../arm-none-eabi/lib/thumb/v6-m/nofp\libg.a(lib_a-mallocr.o)
                              c:/progra~1/raspbe~1/picosd~1.1/gcc-ar~1/bin/../lib/gcc/arm-none-eabi/10.3.1/../../../../arm-none-eabi/lib/thumb/v6-m/nofp\libg.a(lib_a-callocr.o) (_malloc_r)
c:/progra~1/raspbe~1/picosd~1.1/gcc-ar~1/bin/../lib/gcc/arm-none-eabi/10.3.1/../../../../arm-none-eabi/lib/thumb/v6-m/nofp\libg.a(lib_a-memcmp.o)
                              CMakeFiles/encoder_v1.dir/C_/Program_Files/Raspberry_Pi/Pico_SDK_v1.5.1/pico-sdk/lib/lwip/src/netif/ethernet.c.obj (memcmp)
c:/progra~1/raspbe~1/picosd~1.1/gcc-ar~1/bin/../lib/gcc/arm-none-eabi/10.3.1/../../../../arm-none-eabi/lib/thumb/v6-m/nofp\libg.a(lib_a-memmove.o)
                              CMakeFiles/encoder_v1.dir/C_/Program_Files/Raspberry_Pi/Pico_SDK_v1.5.1/pico-sdk/lib/lwip/src/core/def.c.obj (memmove)
c:/progra~1/raspbe~1/picosd~1.1/gcc-ar~1/bin/../lib/gcc/arm-none-eabi/10.3.1/../../../../arm-none-eabi/lib/thumb/v6-m/nofp\libg.a(lib_a-mlock.o)
                              c:/progra~1/raspbe~1/picosd~1.1/gcc-ar~1/bin/../lib/gcc/arm-none-eabi/10.3.1/../../../../arm-none-eabi/lib/thumb/v6-m/nofp\libg.a(lib_a-mallocr.o) (__malloc_lock)
c:/progra~1/raspbe~1/picosd~1.1/gcc-ar~1/bin/../lib/gcc/arm-none-eabi/10.3.1/../../../../arm-none-eabi/lib/thumb/v6-m/nofp\libg.a(lib_a-realloc.o)
                              CMakeFiles/encoder_v1.dir/C_/Program_Files/Raspberry_Pi/Pico_SDK_v1.5.1/pico-sdk/src/rp2_common/pico_malloc/pico_malloc.c.obj (realloc)
c:/progra~1/raspbe~1/picosd~1.1/gcc-ar~1/bin/../lib/gcc/arm-none-eabi/10.3.1/../../../../arm-none-eabi/lib/thumb/v6-m/nofp\libg.a(lib_a-reallocr.o)
                              c:/progra~1/raspbe~1/picosd~1.1/gcc-ar~1/bin/../lib/gcc/arm-none-eabi/10.3.1/../../../../arm-none-eabi/lib/thumb/v6-m/nofp\libg.a(lib_a-realloc.o) (_realloc_r)
c:/progra~1/raspbe~1/picosd~1.1/gcc-ar~1/bin/../lib/gcc/arm-none-eabi/10.3.1/../../../../arm-none-eabi/lib/thumb/v6-m/nofp\libg.a(lib_a-sbrkr.o)
[...]
Memory Configuration

Name             Origin             Length             Attributes
FLASH            0x10000000         0x00200000         xr
RAM              0x20000000         0x00040000         xrw
SCRATCH_X        0x20040000         0x00001000         xrw
SCRATCH_Y        0x20041000         0x00001000         xrw
*default*        0x00000000         0xffffffff

Linker script and memory map

LOAD c:/progra~1/raspbe~1/picosd~1.1/gcc-ar~1/bin/../lib/gcc/arm-none-eabi/10.3.1/thumb/v6-m/nofp/crti.o
LOAD c:/progra~1/raspbe~1/picosd~1.1/gcc-ar~1/bin/../lib/gcc/arm-none-eabi/10.3.1/thumb/v6-m/nofp/crtbegin.o
LOAD c:/progra~1/raspbe~1/picosd~1.1/gcc-ar~1/bin/../lib/gcc/arm-none-eabi/10.3.1/../../../../arm-none-eabi/lib/thumb/v6-m/nofp/crt0.o

.flash_begin    0x10000000        0x0
                0x10000000                __flash_binary_start = .

.boot2          0x10000000      0x100
                0x10000000                __boot2_start__ = .
 *(.boot2)
 .boot2         0x10000000      0x100 C:\Users\jossa\AppData\Local\Temp\cccuS6oi.o
                0x10000100                __boot2_end__ = .
                0x00000001                ASSERT (((__boot2_end__ - __boot2_start__) == 0x100), ERROR: Pico second stage bootloader must be 256 bytes in size)

.text           0x10000100    0x17de8
                0x10000100                __logical_binary_start = .
 *(.vectors)
 .vectors       0x10000100       0xd4 CMakeFiles/encoder_v1.dir/C_/Program_Files/Raspberry_Pi/Pico_SDK_v1.5.1/pico-sdk/src/rp2_common/pico_standard_link/crt0.S.obj
                0x10000100                __VECTOR_TABLE
                0x10000100                __vectors
                0x100001c0                isr_invalid
                0x100001c0                __default_isrs_start
                0x100001c2                isr_nmi
                0x100001c4                isr_hardfault
                0x100001c6                isr_svcall
                0x100001c8                isr_pendsv
                0x100001ca                isr_systick
                0x100001cc                isr_irq23
                0x100001cc                isr_irq18
                0x100001cc                isr_irq11
                0x100001cc                isr_irq28
                0x100001cc                isr_irq19
                0x100001cc                isr_irq0
                0x100001cc                isr_irq6
                0x100001cc                isr_irq5
                0x100001cc                isr_irq12
                0x100001cc                isr_irq22
                0x100001cc                isr_irq31
                0x100001cc                isr_irq17
                0x100001cc                isr_irq27
                0x100001cc                isr_irq30
                0x100001cc                isr_irq2
                0x100001cc                isr_irq10
                0x100001cc                isr_irq8
                0x100001cc                isr_irq24
                0x100001cc                isr_irq1
                0x100001cc                isr_irq7
                0x100001cc                isr_irq21
                0x100001cc                isr_irq20
                0x100001cc                isr_irq15
                0x100001cc                isr_irq25
                0x100001cc                isr_irq13
                0x100001cc                __unhandled_user_irq
                0x100001cc                isr_irq4
                0x100001cc                isr_irq16
                0x100001cc                isr_irq29
                0x100001cc                isr_irq26
                0x100001cc                __default_isrs_end
                0x100001cc                isr_irq3
                0x100001cc                isr_irq14
                0x100001cc                isr_irq9
                0x100001d2                unhandled_user_irq_num_in_r0
 *(.binary_info_header)
 .binary_info_header
                0x100001d4       0x14 CMakeFiles/encoder_v1.dir/C_/Program_Files/Raspberry_Pi/Pico_SDK_v1.5.1/pico-sdk/src/rp2_common/pico_standard_link/crt0.S.obj
                0x100001e8                __binary_info_header_end = .
 *(.reset)
 .reset         0x100001e8       0xa0 CMakeFiles/encoder_v1.dir/C_/Program_Files/Raspberry_Pi/Pico_SDK_v1.5.1/pico-sdk/src/rp2_common/pico_standard_link/crt0.S.obj
                0x100001e8                _entry_point
 .reset         0x10000288       0x30 CMakeFiles/encoder_v1.dir/C_/Program_Files/Raspberry_Pi/Pico_SDK_v1.5.1/pico-sdk/src/rp2_common/pico_standard_link/binary_info.c.obj
 *(.init)
 .init          0x100002b8        0x4 c:/progra~1/raspbe~1/picosd~1.1/gcc-ar~1/bin/../lib/gcc/arm-none-eabi/10.3.1/thumb/v6-m/nofp/crti.o
                0x100002b8                _init
 *(EXCLUDE_FILE(*libm.a: *libc.a:*lib_a-mem*.o *libgcc.a:) .text*)
 .text          0x100002bc       0x48 c:/progra~1/raspbe~1/picosd~1.1/gcc-ar~1/bin/../lib/gcc/arm-none-eabi/10.3.1/thumb/v6-m/nofp/crtbegin.o
 .text.wifiConnect
                0x10000304       0x5c CMakeFiles/encoder_v1.dir/src/main.c.obj
                0x10000304                wifiConnect
 .text.pathFinder
                0x10000360      0x114 CMakeFiles/encoder_v1.dir/src/main.c.obj
                0x10000360                pathFinder
 .text.HardwareInit
                0x10000474       0x28 CMakeFiles/encoder_v1.dir/src/main.c.obj
                0x10000474                HardwareInit
 .text.getAnglesMotors
                0x1000049c       0x8c CMakeFiles/encoder_v1.dir/src/main.c.obj
                0x1000049c                getAnglesMotors
 .text.main     0x10000528       0xa8 CMakeFiles/encoder_v1.dir/src/main.c.obj
                0x10000528                main
 .text.initI2C  0x100005d0       0x38 CMakeFiles/encoder_v1.dir/src/encoder.c.obj
                0x100005d0                initI2C
 .text.readAngleRaw
                0x10000608       0xc8 CMakeFiles/encoder_v1.dir/src/encoder.c.obj
                0x10000608                readAngleRaw
 .text.tca_select_channel
                0x100006d0       0x24 CMakeFiles/encoder_v1.dir/src/encoder.c.obj
                0x100006d0                tca_select_channel
 .text.getAngle
                0x100006f4       0x2c CMakeFiles/encoder_v1.dir/src/encoder.c.obj
                0x100006f4                getAngle
 .text.angleSubtraction
                0x10000720       0x14 CMakeFiles/encoder_v1.dir/src/encoder.c.obj
                0x10000720                angleSubtraction
 .text.getOffsets
                0x10000734       0x4c CMakeFiles/encoder_v1.dir/src/encoder.c.obj
                0x10000734                getOffsets
 .text.initMotor
                0x10000780      0x164 CMakeFiles/encoder_v1.dir/src/motor_config.c.obj
                0x10000780                initMotor
 .text.distanceRobotCounterClockWise
                0x100008e4       0xb0 CMakeFiles/encoder_v1.dir/src/control_functions.c.obj
                0x100008e4                distanceRobotCounterClockWise
 .text.distanceRobotClockWise
                0x10000994       0xb0 CMakeFiles/encoder_v1.dir/src/control_functions.c.obj
                0x10000994                distanceRobotClockWise
 .text.adjustMotorSpeed
                0x10000a44       0x90 CMakeFiles/encoder_v1.dir/src/control_functions.c.obj
                0x10000a44                adjustMotorSpeed
 .text.m1ControlSpeed
                0x10000ad4      0x114 CMakeFiles/encoder_v1.dir/src/control_functions.c.obj
                0x10000ad4                m1ControlSpeed
 .text.m2ControlSpeed
                0x10000be8      0x114 CMakeFiles/encoder_v1.dir/src/control_functions.c.obj
                0x10000be8                m2ControlSpeed
 .text.m3ControlSpeed
                0x10000cfc      0x118 CMakeFiles/encoder_v1.dir/src/control_functions.c.obj
                0x10000cfc                m3ControlSpeed
 .text.m4ControlSpeed
                0x10000e14      0x118 CMakeFiles/encoder_v1.dir/src/control_functions.c.obj
                0x10000e14                m4ControlSpeed
 .text.restartControl
                0x10000f2c      0x128 CMakeFiles/encoder_v1.dir/src/control_functions.c.obj
                0x10000f2c                restartControl
 .text.motorCounterClockWise1
                0x10001054       0x40 CMakeFiles/encoder_v1.dir/src/robot_movement.c.obj
                0x10001054                motorCounterClockWise1
 .text.motorClockWise1
                0x10001094       0x70 CMakeFiles/encoder_v1.dir/src/robot_movement.c.obj
                0x10001094                motorClockWise1
 .text.motorCounterClockWise2
                0x10001104       0x68 CMakeFiles/encoder_v1.dir/src/robot_movement.c.obj
                0x10001104                motorCounterClockWise2
 .text.motorClockWise2
                0x1000116c       0x40 CMakeFiles/encoder_v1.dir/src/robot_movement.c.obj
                0x1000116c                motorClockWise2
 .text.motorCounterClockWise3
                0x100011ac       0x40 CMakeFiles/encoder_v1.dir/src/robot_movement.c.obj
                0x100011ac                motorCounterClockWise3
 .text.motorClockWise3
                0x100011ec       0x68 CMakeFiles/encoder_v1.dir/src/robot_movement.c.obj
                0x100011ec                motorClockWise3
 .text.motorCounterClockWise4
                0x10001254       0x68 CMakeFiles/encoder_v1.dir/src/robot_movement.c.obj
                0x10001254                motorCounterClockWise4
 .text.motorClockWise4
                0x100012bc       0x40 CMakeFiles/encoder_v1.dir/src/robot_movement.c.obj
                0x100012bc                motorClockWise4
 .text.motorStop
                0x100012fc       0x80 CMakeFiles/encoder_v1.dir/src/robot_movement.c.obj
                0x100012fc                motorStop
 .text.motorsForward
                0x1000137c       0x14 CMakeFiles/encoder_v1.dir/src/robot_movement.c.obj
                0x1000137c                motorsForward
 .text.motorsClockWise
                0x10001390       0x14 CMakeFiles/encoder_v1.dir/src/robot_movement.c.obj
                0x10001390                motorsClockWise
 .text.distanceMotorsForward
                0x100013a4       0xe0 CMakeFiles/encoder_v1.dir/src/robot_movement.c.obj
                0x100013a4                distanceMotorsForward
 .text.restartMovement
                0x10001484       0x94 CMakeFiles/encoder_v1.dir/src/robot_movement.c.obj
                0x10001484                restartMovement
 .text.rotation
                0x10001518      0x128 CMakeFiles/encoder_v1.dir/src/robot_movement.c.obj
                0x10001518                rotation
 .text.moveForward
                0x10001640      0x1e8 CMakeFiles/encoder_v1.dir/src/robot_movement.c.obj
                0x10001640                moveForward
 .text.updateAngle
                0x10001828       0xf8 CMakeFiles/encoder_v1.dir/src/robot_movement.c.obj
                0x10001828                updateAngle
 .text.markObjectInGrid
                0x10001920       0x44 CMakeFiles/encoder_v1.dir/src/pathfinder.c.obj
                0x10001920                markObjectInGrid
 .text.printGrid
                0x10001964       0x3c CMakeFiles/encoder_v1.dir/src/pathfinder.c.obj
                0x10001964                printGrid
 .text.initializeNodes
                0x100019a0       0x94 CMakeFiles/encoder_v1.dir/src/pathfinder.c.obj
                0x100019a0                initializeNodes
 .text.heuristic
                0x10001a34       0x1a CMakeFiles/encoder_v1.dir/src/pathfinder.c.obj
                0x10001a34                heuristic
 *fill*         0x10001a4e        0x2 
 .text.findNeighbors
                0x10001a50      0x108 CMakeFiles/encoder_v1.dir/src/pathfinder.c.obj
                0x10001a50                findNeighbors
 .text.NodeList_init
                0x10001b58        0xa CMakeFiles/encoder_v1.dir/src/pathfinder.c.obj
                0x10001b58                NodeList_init
 .text.NodeList_add
                0x10001b62       0x1a CMakeFiles/encoder_v1.dir/src/pathfinder.c.obj
                0x10001b62                NodeList_add
 .text.NodeList_contains
                0x10001b7c       0x20 CMakeFiles/encoder_v1.dir/src/pathfinder.c.obj
                0x10001b7c                NodeList_contains
 .text.NodeList_remove
                0x10001b9c       0x2c CMakeFiles/encoder_v1.dir/src/pathfinder.c.obj
                0x10001b9c                NodeList_remove
 .text.NodeList_getLowestF
                0x10001bc8       0x34 CMakeFiles/encoder_v1.dir/src/pathfinder.c.obj
                0x10001bc8                NodeList_getLowestF
 .text.reconstructPath
                0x10001bfc       0x18 CMakeFiles/encoder_v1.dir/src/pathfinder.c.obj
                0x10001bfc                reconstructPath
 .text.NodeList_reverse
                0x10001c14       0x44 CMakeFiles/encoder_v1.dir/src/pathfinder.c.obj
                0x10001c14                NodeList_reverse
 .text.markPathOnGrid
                0x10001c58       0x3e CMakeFiles/encoder_v1.dir/src/pathfinder.c.obj
                0x10001c58                markPathOnGrid
 *fill*         0x10001c96        0x2 
 .text.convertPathToMovements
                0x10001c98       0xb4 CMakeFiles/encoder_v1.dir/src/pathfinder.c.obj
                0x10001c98                convertPathToMovements
 .text.consolidateMovements
                0x10001d4c       0x74 CMakeFiles/encoder_v1.dir/src/pathfinder.c.obj
                0x10001d4c                consolidateMovements
 .text.AStar    0x10001dc0      0x1bc CMakeFiles/encoder_v1.dir/src/pathfinder.c.obj
                0x10001dc0                AStar
 .text.mpu_init
                0x10001f7c       0x38 CMakeFiles/encoder_v1.dir/src/MPU6050_i2c.c.obj
                0x10001f7c                mpu_init
 .text.mpu6050_reset
                0x10001fb4       0x74 CMakeFiles/encoder_v1.dir/src/MPU6050_i2c.c.obj
                0x10001fb4                mpu6050_reset
 .text.mpu6050_read_raw
                0x10002028      0x1c0 CMakeFiles/encoder_v1.dir/src/MPU6050_i2c.c.obj
                0x10002028                mpu6050_read_raw
 .text.filter_median_moving
                0x100021e8       0x3c CMakeFiles/encoder_v1.dir/src/MPU6050_i2c.c.obj
                0x100021e8                filter_median_moving
 .text.initMotorControl
                0x10002224       0x44 CMakeFiles/encoder_v1.dir/src/dribbler.c.obj
                0x10002224                initMotorControl
 .text.mqtt_sub_request_cb
                0x10002268       0x20 CMakeFiles/encoder_v1.dir/src/mqtt.c.obj
                0x10002268                mqtt_sub_request_cb
 .text.mqtt_connection_cb
                0x10002288       0x5c CMakeFiles/encoder_v1.dir/src/mqtt.c.obj
                0x10002288                mqtt_connection_cb
 .text.mqtt_incoming_publish_cb
                0x100022e4       0x10 CMakeFiles/encoder_v1.dir/src/mqtt.c.obj
                0x100022e4                mqtt_incoming_publish_cb
 .text.mqtt_incoming_data_cb
                0x100022f4       0x50 CMakeFiles/encoder_v1.dir/src/mqtt.c.obj
                0x100022f4                mqtt_incoming_data_cb
 .text.connect_mqtt
                0x10002344       0x6c CMakeFiles/encoder_v1.dir/src/mqtt.c.obj
                0x10002344                connect_mqtt
 .text.gpio_set_function
                0x100023b0       0x30 CMakeFiles/encoder_v1.dir/C_/Program_Files/Raspberry_Pi/Pico_SDK_v1.5.1/pico-sdk/src/rp2_common/hardware_gpio/gpio.c.obj
                0x100023b0                gpio_set_function
 .text.gpio_set_pulls
                0x100023e0       0x34 CMakeFiles/encoder_v1.dir/C_/Program_Files/Raspberry_Pi/Pico_SDK_v1.5.1/pico-sdk/src/rp2_common/hardware_gpio/gpio.c.obj
                0x100023e0                gpio_set_pulls
 .text.gpio_set_input_hysteresis_enabled
                0x10002414       0x30 CMakeFiles/encoder_v1.dir/C_/Program_Files/Raspberry_Pi/Pico_SDK_v1.5.1/pico-sdk/src/rp2_common/hardware_gpio/gpio.c.obj
                0x10002414                gpio_set_input_hysteresis_enabled
 .text.gpio_add_raw_irq_handler_with_order_priority_masked
                0x10002444       0x40 CMakeFiles/encoder_v1.dir/C_/Program_Files/Raspberry_Pi/Pico_SDK_v1.5.1/pico-sdk/src/rp2_common/hardware_gpio/gpio.c.obj
                0x10002444                gpio_add_raw_irq_handler_with_order_priority_masked
 .text.gpio_remove_raw_irq_handler_masked
                0x10002484       0x48 CMakeFiles/encoder_v1.dir/C_/Program_Files/Raspberry_Pi/Pico_SDK_v1.5.1/pico-sdk/src/rp2_common/hardware_gpio/gpio.c.obj
                0x10002484                gpio_remove_raw_irq_handler_masked
 .text.gpio_acknowledge_irq
                0x100024cc       0x18 CMakeFiles/encoder_v1.dir/C_/Program_Files/Raspberry_Pi/Pico_SDK_v1.5.1/pico-sdk/src/rp2_common/hardware_gpio/gpio.c.obj
                0x100024cc                gpio_acknowledge_irq
 .text._gpio_set_irq_enabled
                0x100024e4       0x34 CMakeFiles/encoder_v1.dir/C_/Program_Files/Raspberry_Pi/Pico_SDK_v1.5.1/pico-sdk/src/rp2_common/hardware_gpio/gpio.c.obj
 .text.gpio_set_irq_enabled
                0x10002518       0x20 CMakeFiles/encoder_v1.dir/C_/Program_Files/Raspberry_Pi/Pico_SDK_v1.5.1/pico-sdk/src/rp2_common/hardware_gpio/gpio.c.obj
                0x10002518                gpio_set_irq_enabled
 .text.gpio_init
                0x10002538       0x16 CMakeFiles/encoder_v1.dir/C_/Program_Files/Raspberry_Pi/Pico_SDK_v1.5.1/pico-sdk/src/rp2_common/hardware_gpio/gpio.c.obj
                0x10002538                gpio_init
 *fill*         0x1000254e        0x2 
 .text.running_on_fpga
                0x10002550       0x14 CMakeFiles/encoder_v1.dir/C_/Program_Files/Raspberry_Pi/Pico_SDK_v1.5.1/pico-sdk/src/rp2_common/pico_platform/platform.c.obj
                0x10002550                running_on_fpga
 .text.hw_claim_lock
                0x10002564       0x18 CMakeFiles/encoder_v1.dir/C_/Program_Files/Raspberry_Pi/Pico_SDK_v1.5.1/pico-sdk/src/rp2_common/hardware_claim/claim.c.obj
                0x10002564                hw_claim_lock
 .text.hw_claim_unlock
                0x1000257c       0x14 CMakeFiles/encoder_v1.dir/C_/Program_Files/Raspberry_Pi/Pico_SDK_v1.5.1/pico-sdk/src/rp2_common/hardware_claim/claim.c.obj
                0x1000257c                hw_claim_unlock
 .text.hw_claim_or_assert
                0x10002590       0x32 CMakeFiles/encoder_v1.dir/C_/Program_Files/Raspberry_Pi/Pico_SDK_v1.5.1/pico-sdk/src/rp2_common/hardware_claim/claim.c.obj
                0x10002590                hw_claim_or_assert
 .text.hw_claim_unused_from_range
                0x100025c2       0x50 CMakeFiles/encoder_v1.dir/C_/Program_Files/Raspberry_Pi/Pico_SDK_v1.5.1/pico-sdk/src/rp2_common/hardware_claim/claim.c.obj
                0x100025c2                hw_claim_unused_from_range
 *fill*         0x10002612        0x2 
 .text.hw_claim_clear
                0x10002614       0x40 CMakeFiles/encoder_v1.dir/C_/Program_Files/Raspberry_Pi/Pico_SDK_v1.5.1/pico-sdk/src/rp2_common/hardware_claim/claim.c.obj
                0x10002614                hw_claim_clear
 .text.spin_locks_reset
                0x10002654       0x20 CMakeFiles/encoder_v1.dir/C_/Program_Files/Raspberry_Pi/Pico_SDK_v1.5.1/pico-sdk/src/rp2_common/hardware_sync/sync.c.obj
                0x10002654                spin_locks_reset
 .text.next_striped_spin_lock_num
                0x10002674       0x1c CMakeFiles/encoder_v1.dir/C_/Program_Files/Raspberry_Pi/Pico_SDK_v1.5.1/pico-sdk/src/rp2_common/hardware_sync/sync.c.obj
                0x10002674                next_striped_spin_lock_num
 .text.spin_lock_claim_unused
                0x10002690       0x20 CMakeFiles/encoder_v1.dir/C_/Program_Files/Raspberry_Pi/Pico_SDK_v1.5.1/pico-sdk/src/rp2_common/hardware_sync/sync.c.obj
                0x10002690                spin_lock_claim_unused
 .text.set_raw_irq_handler_and_unlock
                0x100026b0       0x28 CMakeFiles/encoder_v1.dir/C_/Program_Files/Raspberry_Pi/Pico_SDK_v1.5.1/pico-sdk/src/rp2_common/hardware_irq/irq.c.obj
 .text.get_user_irq_claim_index
                0x100026d8        0x6 CMakeFiles/encoder_v1.dir/C_/Program_Files/Raspberry_Pi/Pico_SDK_v1.5.1/pico-sdk/src/rp2_common/hardware_irq/irq.c.obj
 *fill*         0x100026de        0x2 
 .text.make_branch
                0x100026e0       0x48 CMakeFiles/encoder_v1.dir/C_/Program_Files/Raspberry_Pi/Pico_SDK_v1.5.1/pico-sdk/src/rp2_common/hardware_irq/irq.c.obj
 .text.insert_branch_and_link
                0x10002728       0x40 CMakeFiles/encoder_v1.dir/C_/Program_Files/Raspberry_Pi/Pico_SDK_v1.5.1/pico-sdk/src/rp2_common/hardware_irq/irq.c.obj
 .text.irq_is_enabled
                0x10002768       0x18 CMakeFiles/encoder_v1.dir/C_/Program_Files/Raspberry_Pi/Pico_SDK_v1.5.1/pico-sdk/src/rp2_common/hardware_irq/irq.c.obj
                0x10002768                irq_is_enabled
 .text.irq_set_mask_enabled
                0x10002780       0x20 CMakeFiles/encoder_v1.dir/C_/Program_Files/Raspberry_Pi/Pico_SDK_v1.5.1/pico-sdk/src/rp2_common/hardware_irq/irq.c.obj
                0x10002780                irq_set_mask_enabled
 .text.irq_set_enabled
                0x100027a0        0xe CMakeFiles/encoder_v1.dir/C_/Program_Files/Raspberry_Pi/Pico_SDK_v1.5.1/pico-sdk/src/rp2_common/hardware_irq/irq.c.obj
                0x100027a0                irq_set_enabled
 *fill*         0x100027ae        0x2 
 .text.irq_set_pending
                0x100027b0       0x10 CMakeFiles/encoder_v1.dir/C_/Program_Files/Raspberry_Pi/Pico_SDK_v1.5.1/pico-sdk/src/rp2_common/hardware_irq/irq.c.obj
                0x100027b0                irq_set_pending
 .text.irq_get_vtable_handler
                0x100027c0       0x10 CMakeFiles/encoder_v1.dir/C_/Program_Files/Raspberry_Pi/Pico_SDK_v1.5.1/pico-sdk/src/rp2_common/hardware_irq/irq.c.obj
                0x100027c0                irq_get_vtable_handler
 .text.irq_has_shared_handler
                0x100027d0       0x24 CMakeFiles/encoder_v1.dir/C_/Program_Files/Raspberry_Pi/Pico_SDK_v1.5.1/pico-sdk/src/rp2_common/hardware_irq/irq.c.obj
                0x100027d0                irq_has_shared_handler
 .text.irq_set_exclusive_handler
                0x100027f4       0x54 CMakeFiles/encoder_v1.dir/C_/Program_Files/Raspberry_Pi/Pico_SDK_v1.5.1/pico-sdk/src/rp2_common/hardware_irq/irq.c.obj
                0x100027f4                irq_set_exclusive_handler
 .text.irq_add_shared_handler
                0x10002848      0x234 CMakeFiles/encoder_v1.dir/C_/Program_Files/Raspberry_Pi/Pico_SDK_v1.5.1/pico-sdk/src/rp2_common/hardware_irq/irq.c.obj
                0x10002848                irq_add_shared_handler
 .text.irq_remove_handler
                0x10002a7c      0x1ac CMakeFiles/encoder_v1.dir/C_/Program_Files/Raspberry_Pi/Pico_SDK_v1.5.1/pico-sdk/src/rp2_common/hardware_irq/irq.c.obj
                0x10002a7c                irq_remove_handler
 .text.irq_set_priority
                0x10002c28       0x28 CMakeFiles/encoder_v1.dir/C_/Program_Files/Raspberry_Pi/Pico_SDK_v1.5.1/pico-sdk/src/rp2_common/hardware_irq/irq.c.obj
                0x10002c28                irq_set_priority
 .text.irq_add_tail_to_free_list
                0x10002c50       0xf0 CMakeFiles/encoder_v1.dir/C_/Program_Files/Raspberry_Pi/Pico_SDK_v1.5.1/pico-sdk/src/rp2_common/hardware_irq/irq.c.obj
                0x10002c50                irq_add_tail_to_free_list
 .text.irq_init_priorities
                0x10002d40       0x1c CMakeFiles/encoder_v1.dir/C_/Program_Files/Raspberry_Pi/Pico_SDK_v1.5.1/pico-sdk/src/rp2_common/hardware_irq/irq.c.obj
                0x10002d40                irq_init_priorities
 .text.user_irq_unclaim
                0x10002d5c       0x14 CMakeFiles/encoder_v1.dir/C_/Program_Files/Raspberry_Pi/Pico_SDK_v1.5.1/pico-sdk/src/rp2_common/hardware_irq/irq.c.obj
                0x10002d5c                user_irq_unclaim
 .text.user_irq_claim_unused
                0x10002d70       0x28 CMakeFiles/encoder_v1.dir/C_/Program_Files/Raspberry_Pi/Pico_SDK_v1.5.1/pico-sdk/src/rp2_common/hardware_irq/irq.c.obj
                0x10002d70                user_irq_claim_unused
 .text.sem_init
                0x10002d98       0x1e CMakeFiles/encoder_v1.dir/C_/Program_Files/Raspberry_Pi/Pico_SDK_v1.5.1/pico-sdk/src/common/pico_sync/sem.c.obj
                0x10002d98                sem_init
 *fill*         0x10002db6        0x2 
 .text.lock_init
                0x10002db8       0x10 CMakeFiles/encoder_v1.dir/C_/Program_Files/Raspberry_Pi/Pico_SDK_v1.5.1/pico-sdk/src/common/pico_sync/lock_core.c.obj
                0x10002db8                lock_init
 .text.mutex_init
                0x10002dc8       0x1a CMakeFiles/encoder_v1.dir/C_/Program_Files/Raspberry_Pi/Pico_SDK_v1.5.1/pico-sdk/src/common/pico_sync/mutex.c.obj
                0x10002dc8                mutex_init
 .text.recursive_mutex_init
                0x10002de2       0x1e CMakeFiles/encoder_v1.dir/C_/Program_Files/Raspberry_Pi/Pico_SDK_v1.5.1/pico-sdk/src/common/pico_sync/mutex.c.obj
                0x10002de2                recursive_mutex_init
 .text.critical_section_init_with_lock_num
                0x10002e00       0x14 CMakeFiles/encoder_v1.dir/C_/Program_Files/Raspberry_Pi/Pico_SDK_v1.5.1/pico-sdk/src/common/pico_sync/critical_section.c.obj
                0x10002e00                critical_section_init_with_lock_num
 .text.critical_section_init
                0x10002e14       0x14 CMakeFiles/encoder_v1.dir/C_/Program_Files/Raspberry_Pi/Pico_SDK_v1.5.1/pico-sdk/src/common/pico_sync/critical_section.c.obj
                0x10002e14                critical_section_init
 .text.alarm_pool_post_alloc_init
                0x10002e28       0x40 CMakeFiles/encoder_v1.dir/C_/Program_Files/Raspberry_Pi/Pico_SDK_v1.5.1/pico-sdk/src/common/pico_time/time.c.obj
 .text.sleep_until_callback
                0x10002e68       0x30 CMakeFiles/encoder_v1.dir/C_/Program_Files/Raspberry_Pi/Pico_SDK_v1.5.1/pico-sdk/src/common/pico_time/time.c.obj
 .text.timer_pool_entry_comparator
                0x10002e98       0x7c CMakeFiles/encoder_v1.dir/C_/Program_Files/Raspberry_Pi/Pico_SDK_v1.5.1/pico-sdk/src/common/pico_time/time.c.obj
                0x10002e98                timer_pool_entry_comparator
 .text.ph_add_child_node
                0x10002f14       0xa4 CMakeFiles/encoder_v1.dir/C_/Program_Files/Raspberry_Pi/Pico_SDK_v1.5.1/pico-sdk/src/common/pico_time/time.c.obj
 .text.ph_merge_nodes
                0x10002fb8       0x3e CMakeFiles/encoder_v1.dir/C_/Program_Files/Raspberry_Pi/Pico_SDK_v1.5.1/pico-sdk/src/common/pico_time/time.c.obj
 *fill*         0x10002ff6        0x2 
 .text.add_alarm_under_lock
                0x10002ff8      0x174 CMakeFiles/encoder_v1.dir/C_/Program_Files/Raspberry_Pi/Pico_SDK_v1.5.1/pico-sdk/src/common/pico_time/time.c.obj
 .text.alarm_pool_alarm_callback
                0x1000316c      0x33c CMakeFiles/encoder_v1.dir/C_/Program_Files/Raspberry_Pi/Pico_SDK_v1.5.1/pico-sdk/src/common/pico_time/time.c.obj
 .text.alarm_pool_init_default
                0x100034a8       0x40 CMakeFiles/encoder_v1.dir/C_/Program_Files/Raspberry_Pi/Pico_SDK_v1.5.1/pico-sdk/src/common/pico_time/time.c.obj
                0x100034a8                alarm_pool_init_default
 .text.alarm_pool_get_default
                0x100034e8       0x2c CMakeFiles/encoder_v1.dir/C_/Program_Files/Raspberry_Pi/Pico_SDK_v1.5.1/pico-sdk/src/common/pico_time/time.c.obj
                0x100034e8                alarm_pool_get_default
 .text.alarm_pool_add_alarm_at
                0x10003514      0x168 CMakeFiles/encoder_v1.dir/C_/Program_Files/Raspberry_Pi/Pico_SDK_v1.5.1/pico-sdk/src/common/pico_time/time.c.obj
                0x10003514                alarm_pool_add_alarm_at
 .text.alarm_pool_cancel_alarm
                0x1000367c       0xf8 CMakeFiles/encoder_v1.dir/C_/Program_Files/Raspberry_Pi/Pico_SDK_v1.5.1/pico-sdk/src/common/pico_time/time.c.obj
                0x1000367c                alarm_pool_cancel_alarm
 .text.alarm_pool_core_num
                0x10003774        0x4 CMakeFiles/encoder_v1.dir/C_/Program_Files/Raspberry_Pi/Pico_SDK_v1.5.1/pico-sdk/src/common/pico_time/time.c.obj
                0x10003774                alarm_pool_core_num
 .text.sleep_until
                0x10003778       0xfc CMakeFiles/encoder_v1.dir/C_/Program_Files/Raspberry_Pi/Pico_SDK_v1.5.1/pico-sdk/src/common/pico_time/time.c.obj
                0x10003778                sleep_until
 .text.sleep_us
                0x10003874       0x58 CMakeFiles/encoder_v1.dir/C_/Program_Files/Raspberry_Pi/Pico_SDK_v1.5.1/pico-sdk/src/common/pico_time/time.c.obj
                0x10003874                sleep_us
 .text.sleep_ms
                0x100038cc       0x14 CMakeFiles/encoder_v1.dir/C_/Program_Files/Raspberry_Pi/Pico_SDK_v1.5.1/pico-sdk/src/common/pico_time/time.c.obj
                0x100038cc                sleep_ms
 .text.best_effort_wfe_or_timeout
                0x100038e0       0xac CMakeFiles/encoder_v1.dir/C_/Program_Files/Raspberry_Pi/Pico_SDK_v1.5.1/pico-sdk/src/common/pico_time/time.c.obj
                0x100038e0                best_effort_wfe_or_timeout
 .text.check_single_timeout_us
                0x1000398c       0x2c CMakeFiles/encoder_v1.dir/C_/Program_Files/Raspberry_Pi/Pico_SDK_v1.5.1/pico-sdk/src/common/pico_time/timeout_helper.c.obj
 .text.init_single_timeout_until
                0x100039b8        0xc CMakeFiles/encoder_v1.dir/C_/Program_Files/Raspberry_Pi/Pico_SDK_v1.5.1/pico-sdk/src/common/pico_time/timeout_helper.c.obj
                0x100039b8                init_single_timeout_until
 .text.hardware_alarm_irq_handler
                0x100039c4       0x90 CMakeFiles/encoder_v1.dir/C_/Program_Files/Raspberry_Pi/Pico_SDK_v1.5.1/pico-sdk/src/rp2_common/hardware_timer/timer.c.obj
 .text.hardware_alarm_claim
                0x10003a54       0x18 CMakeFiles/encoder_v1.dir/C_/Program_Files/Raspberry_Pi/Pico_SDK_v1.5.1/pico-sdk/src/rp2_common/hardware_timer/timer.c.obj
                0x10003a54                hardware_alarm_claim
 .text.time_us_64
                0x10003a6c       0x18 CMakeFiles/encoder_v1.dir/C_/Program_Files/Raspberry_Pi/Pico_SDK_v1.5.1/pico-sdk/src/rp2_common/hardware_timer/timer.c.obj
                0x10003a6c                time_us_64
 .text.busy_wait_until
                0x10003a84       0x28 CMakeFiles/encoder_v1.dir/C_/Program_Files/Raspberry_Pi/Pico_SDK_v1.5.1/pico-sdk/src/rp2_common/hardware_timer/timer.c.obj
                0x10003a84                busy_wait_until
 .text.hardware_alarm_set_callback
                0x10003aac       0x90 CMakeFiles/encoder_v1.dir/C_/Program_Files/Raspberry_Pi/Pico_SDK_v1.5.1/pico-sdk/src/rp2_common/hardware_timer/timer.c.obj
                0x10003aac                hardware_alarm_set_callback
 .text.hardware_alarm_set_target
                0x10003b3c       0xe8 CMakeFiles/encoder_v1.dir/C_/Program_Files/Raspberry_Pi/Pico_SDK_v1.5.1/pico-sdk/src/rp2_common/hardware_timer/timer.c.obj
                0x10003b3c                hardware_alarm_set_target
 .text.hardware_alarm_cancel
                0x10003c24       0x40 CMakeFiles/encoder_v1.dir/C_/Program_Files/Raspberry_Pi/Pico_SDK_v1.5.1/pico-sdk/src/rp2_common/hardware_timer/timer.c.obj
                0x10003c24                hardware_alarm_cancel
 .text.ph_add_child_node
                0x10003c64       0xa4 CMakeFiles/encoder_v1.dir/C_/Program_Files/Raspberry_Pi/Pico_SDK_v1.5.1/pico-sdk/src/common/pico_util/pheap.c.obj
 .text.ph_merge_nodes
                0x10003d08       0x3e CMakeFiles/encoder_v1.dir/C_/Program_Files/Raspberry_Pi/Pico_SDK_v1.5.1/pico-sdk/src/common/pico_util/pheap.c.obj
 *fill*         0x10003d46        0x2 
 .text.ph_clear
                0x10003d48       0x70 CMakeFiles/encoder_v1.dir/C_/Program_Files/Raspberry_Pi/Pico_SDK_v1.5.1/pico-sdk/src/common/pico_util/pheap.c.obj
                0x10003d48                ph_clear
 .text.ph_post_alloc_init
                0x10003db8        0xe CMakeFiles/encoder_v1.dir/C_/Program_Files/Raspberry_Pi/Pico_SDK_v1.5.1/pico-sdk/src/common/pico_util/pheap.c.obj
                0x10003db8                ph_post_alloc_init
 *fill*         0x10003dc6        0x2 
 .text.ph_merge_two_pass
                0x10003dc8       0xa8 CMakeFiles/encoder_v1.dir/C_/Program_Files/Raspberry_Pi/Pico_SDK_v1.5.1/pico-sdk/src/common/pico_util/pheap.c.obj
                0x10003dc8                ph_merge_two_pass
 .text.ph_remove_any_head
                0x10003e70      0x128 CMakeFiles/encoder_v1.dir/C_/Program_Files/Raspberry_Pi/Pico_SDK_v1.5.1/pico-sdk/src/common/pico_util/pheap.c.obj
 .text.ph_remove_head
                0x10003f98       0x14 CMakeFiles/encoder_v1.dir/C_/Program_Files/Raspberry_Pi/Pico_SDK_v1.5.1/pico-sdk/src/common/pico_util/pheap.c.obj
                0x10003f98                ph_remove_head
 .text.ph_remove_and_free_node
                0x10003fac       0xf8 CMakeFiles/encoder_v1.dir/C_/Program_Files/Raspberry_Pi/Pico_SDK_v1.5.1/pico-sdk/src/common/pico_util/pheap.c.obj
                0x10003fac                ph_remove_and_free_node
 .text.clock_configure
                0x100040a4      0x108 CMakeFiles/encoder_v1.dir/C_/Program_Files/Raspberry_Pi/Pico_SDK_v1.5.1/pico-sdk/src/rp2_common/hardware_clocks/clocks.c.obj
                0x100040a4                clock_configure
 .text.clocks_init
                0x100041ac      0x100 CMakeFiles/encoder_v1.dir/C_/Program_Files/Raspberry_Pi/Pico_SDK_v1.5.1/pico-sdk/src/rp2_common/hardware_clocks/clocks.c.obj
                0x100041ac                clocks_init
 .text.clock_get_hz
                0x100042ac        0xc CMakeFiles/encoder_v1.dir/C_/Program_Files/Raspberry_Pi/Pico_SDK_v1.5.1/pico-sdk/src/rp2_common/hardware_clocks/clocks.c.obj
                0x100042ac                clock_get_hz
 .text.pll_init
                0x100042b8      0x120 CMakeFiles/encoder_v1.dir/C_/Program_Files/Raspberry_Pi/Pico_SDK_v1.5.1/pico-sdk/src/rp2_common/hardware_pll/pll.c.obj
                0x100042b8                pll_init
 .text.watchdog_start_tick
                0x100043d8       0x10 CMakeFiles/encoder_v1.dir/C_/Program_Files/Raspberry_Pi/Pico_SDK_v1.5.1/pico-sdk/src/rp2_common/hardware_watchdog/watchdog.c.obj
                0x100043d8                watchdog_start_tick
 .text.watchdog_update
                0x100043e8       0x14 CMakeFiles/encoder_v1.dir/C_/Program_Files/Raspberry_Pi/Pico_SDK_v1.5.1/pico-sdk/src/rp2_common/hardware_watchdog/watchdog.c.obj
                0x100043e8                watchdog_update
 .text._watchdog_enable
                0x100043fc       0x78 CMakeFiles/encoder_v1.dir/C_/Program_Files/Raspberry_Pi/Pico_SDK_v1.5.1/pico-sdk/src/rp2_common/hardware_watchdog/watchdog.c.obj
                0x100043fc                _watchdog_enable
 .text.watchdog_reboot
                0x10004474       0x48 CMakeFiles/encoder_v1.dir/C_/Program_Files/Raspberry_Pi/Pico_SDK_v1.5.1/pico-sdk/src/rp2_common/hardware_watchdog/watchdog.c.obj
                0x10004474                watchdog_reboot
 .text.xosc_init
                0x100044bc       0x28 CMakeFiles/encoder_v1.dir/C_/Program_Files/Raspberry_Pi/Pico_SDK_v1.5.1/pico-sdk/src/rp2_common/hardware_xosc/xosc.c.obj
                0x100044bc                xosc_init
 .text._exit    0x100044e4        0x4 CMakeFiles/encoder_v1.dir/C_/Program_Files/Raspberry_Pi/Pico_SDK_v1.5.1/pico-sdk/src/rp2_common/pico_runtime/runtime.c.obj
                0x100044e4                _exit
 .text.exit     0x100044e8        0x6 CMakeFiles/encoder_v1.dir/C_/Program_Files/Raspberry_Pi/Pico_SDK_v1.5.1/pico-sdk/src/rp2_common/pico_runtime/runtime.c.obj
                0x100044e8                exit
 *fill*         0x100044ee        0x2 
 .text.__assert_func
                0x100044f0       0x3c CMakeFiles/encoder_v1.dir/C_/Program_Files/Raspberry_Pi/Pico_SDK_v1.5.1/pico-sdk/src/rp2_common/pico_runtime/runtime.c.obj
                0x100044f0                __assert_func
 .text.runtime_init
                0x1000452c       0xf8 CMakeFiles/encoder_v1.dir/C_/Program_Files/Raspberry_Pi/Pico_SDK_v1.5.1/pico-sdk/src/rp2_common/pico_runtime/runtime.c.obj
                0x1000452c                runtime_init
 .text.panic    0x10004624       0x30 CMakeFiles/encoder_v1.dir/C_/Program_Files/Raspberry_Pi/Pico_SDK_v1.5.1/pico-sdk/src/rp2_common/pico_runtime/runtime.c.obj
                0x10004624                panic
 .text.panic_unsupported
                0x10004654        0xc CMakeFiles/encoder_v1.dir/C_/Program_Files/Raspberry_Pi/Pico_SDK_v1.5.1/pico-sdk/src/rp2_common/pico_runtime/runtime.c.obj
                0x10004654                panic_unsupported
 .text._out_null
                0x10004660        0x2 CMakeFiles/encoder_v1.dir/C_/Program_Files/Raspberry_Pi/Pico_SDK_v1.5.1/pico-sdk/src/rp2_common/pico_printf/printf.c.obj
 .text._out_fct
                0x10004662        0xe CMakeFiles/encoder_v1.dir/C_/Program_Files/Raspberry_Pi/Pico_SDK_v1.5.1/pico-sdk/src/rp2_common/pico_printf/printf.c.obj
 .text._atoi    0x10004670       0x24 CMakeFiles/encoder_v1.dir/C_/Program_Files/Raspberry_Pi/Pico_SDK_v1.5.1/pico-sdk/src/rp2_common/pico_printf/printf.c.obj
 .text._out_rev
                0x10004694       0xae CMakeFiles/encoder_v1.dir/C_/Program_Files/Raspberry_Pi/Pico_SDK_v1.5.1/pico-sdk/src/rp2_common/pico_printf/printf.c.obj
 .text._ntoa_format
                0x10004742      0x112 CMakeFiles/encoder_v1.dir/C_/Program_Files/Raspberry_Pi/Pico_SDK_v1.5.1/pico-sdk/src/rp2_common/pico_printf/printf.c.obj
 .text._ntoa_long
                0x10004854       0xbc CMakeFiles/encoder_v1.dir/C_/Program_Files/Raspberry_Pi/Pico_SDK_v1.5.1/pico-sdk/src/rp2_common/pico_printf/printf.c.obj
 .text._ntoa_long_long
                0x10004910       0xe2 CMakeFiles/encoder_v1.dir/C_/Program_Files/Raspberry_Pi/Pico_SDK_v1.5.1/pico-sdk/src/rp2_common/pico_printf/printf.c.obj
 *fill*         0x100049f2        0x2 
 .text._etoa    0x100049f4      0x414 CMakeFiles/encoder_v1.dir/C_/Program_Files/Raspberry_Pi/Pico_SDK_v1.5.1/pico-sdk/src/rp2_common/pico_printf/printf.c.obj
 .text._ftoa    0x10004e08      0x354 CMakeFiles/encoder_v1.dir/C_/Program_Files/Raspberry_Pi/Pico_SDK_v1.5.1/pico-sdk/src/rp2_common/pico_printf/printf.c.obj
 .text._vsnprintf
                0x1000515c      0x624 CMakeFiles/encoder_v1.dir/C_/Program_Files/Raspberry_Pi/Pico_SDK_v1.5.1/pico-sdk/src/rp2_common/pico_printf/printf.c.obj
 .text.vfctprintf
                0x10005780       0x20 CMakeFiles/encoder_v1.dir/C_/Program_Files/Raspberry_Pi/Pico_SDK_v1.5.1/pico-sdk/src/rp2_common/pico_printf/printf.c.obj
                0x10005780                vfctprintf
 .text          0x100057a0       0x10 CMakeFiles/encoder_v1.dir/C_/Program_Files/Raspberry_Pi/Pico_SDK_v1.5.1/pico-sdk/src/rp2_common/pico_bit_ops/bit_ops_aeabi.S.obj
 .text.ctzsi    0x100057b0        0xc CMakeFiles/encoder_v1.dir/C_/Program_Files/Raspberry_Pi/Pico_SDK_v1.5.1/pico-sdk/src/rp2_common/pico_bit_ops/bit_ops_aeabi.S.obj
                0x100057b0                __wrap___ctzsi2
 .text.rom_func_lookup
                0x100057bc       0x10 CMakeFiles/encoder_v1.dir/C_/Program_Files/Raspberry_Pi/Pico_SDK_v1.5.1/pico-sdk/src/rp2_common/pico_bootrom/bootrom.c.obj
                0x100057bc                rom_func_lookup
 .text.rom_data_lookup
                0x100057cc       0x10 CMakeFiles/encoder_v1.dir/C_/Program_Files/Raspberry_Pi/Pico_SDK_v1.5.1/pico-sdk/src/rp2_common/pico_bootrom/bootrom.c.obj
                0x100057cc                rom_data_lookup
 .text.rom_funcs_lookup
                0x100057dc       0x36 CMakeFiles/encoder_v1.dir/C_/Program_Files/Raspberry_Pi/Pico_SDK_v1.5.1/pico-sdk/src/rp2_common/pico_bootrom/bootrom.c.obj
                0x100057dc                rom_funcs_lookup
 *fill*         0x10005812        0x2 
 .text.__wrap___aeabi_idiv
                0x10005814       0x50 CMakeFiles/encoder_v1.dir/C_/Program_Files/Raspberry_Pi/Pico_SDK_v1.5.1/pico-sdk/src/rp2_common/pico_divider/divider.S.obj
                0x10005814                __wrap___aeabi_idivmod
                0x10005814                divmod_s32s32
                0x10005814                div_s32s32
                0x10005814                __wrap___aeabi_idiv
                0x1000581c                divmod_s32s32_unsafe
                0x10005848                divmod_s32s32_savestate
 .text.__wrap___aeabi_uidiv
                0x10005864       0x4c CMakeFiles/encoder_v1.dir/C_/Program_Files/Raspberry_Pi/Pico_SDK_v1.5.1/pico-sdk/src/rp2_common/pico_divider/divider.S.obj
                0x10005864                __wrap___aeabi_uidiv
                0x10005864                __wrap___aeabi_uidivmod
                0x10005864                div_u32u32
                0x10005864                divmod_u32u32
                0x1000586c                divmod_u32u32_unsafe
                0x10005894                divmod_u32u32_savestate
 .text.__wrap___aeabi_ldiv
                0x100058b0      0x424 CMakeFiles/encoder_v1.dir/C_/Program_Files/Raspberry_Pi/Pico_SDK_v1.5.1/pico-sdk/src/rp2_common/pico_divider/divider.S.obj
                0x100058b0                div_s64s64
                0x100058b0                divmod_s64s64
                0x100058b0                __wrap___aeabi_ldivmod
                0x100058e0                divmod_u64u64
                0x100058e0                div_u64u64
                0x100058e0                __wrap___aeabi_uldivmod
                0x100058f0                divmod_u64u64_savestate
                0x10005910                divmod_s64s64_unsafe
                0x10005998                divmod_u64u64_unsafe
 .text.__wrap___aeabi_darithmetic
                0x10005cd4       0x60 CMakeFiles/encoder_v1.dir/C_/Program_Files/Raspberry_Pi/Pico_SDK_v1.5.1/pico-sdk/src/rp2_common/pico_double/double_aeabi.S.obj
                0x10005cd4                __wrap___aeabi_drsub
                0x10005cda                __wrap___aeabi_dsub
                0x10005ce4                __wrap___aeabi_dadd
                0x10005cee                __wrap___aeabi_ddiv
                0x10005d22                __wrap___aeabi_dmul
 .text.__wrap___aeabi_cdcmple
                0x10005d34       0x6c CMakeFiles/encoder_v1.dir/C_/Program_Files/Raspberry_Pi/Pico_SDK_v1.5.1/pico-sdk/src/rp2_common/pico_double/double_aeabi.S.obj
                0x10005d34                __wrap___aeabi_cdrcmple
                0x10005d44                __wrap___aeabi_cdcmpeq
                0x10005d44                __wrap___aeabi_cdcmple
 .text.__wrap___aeabi_dcmpeq
                0x10005da0       0x10 CMakeFiles/encoder_v1.dir/C_/Program_Files/Raspberry_Pi/Pico_SDK_v1.5.1/pico-sdk/src/rp2_common/pico_double/double_aeabi.S.obj
                0x10005da0                __wrap___aeabi_dcmpeq
 .text.__wrap___aeabi_dcmplt
                0x10005db0        0xc CMakeFiles/encoder_v1.dir/C_/Program_Files/Raspberry_Pi/Pico_SDK_v1.5.1/pico-sdk/src/rp2_common/pico_double/double_aeabi.S.obj
                0x10005db0                __wrap___aeabi_dcmplt
 .text.__wrap___aeabi_dcmple
                0x10005dbc       0x10 CMakeFiles/encoder_v1.dir/C_/Program_Files/Raspberry_Pi/Pico_SDK_v1.5.1/pico-sdk/src/rp2_common/pico_double/double_aeabi.S.obj
                0x10005dbc                __wrap___aeabi_dcmple
 .text.__wrap___aeabi_dcmpge
                0x10005dcc       0x10 CMakeFiles/encoder_v1.dir/C_/Program_Files/Raspberry_Pi/Pico_SDK_v1.5.1/pico-sdk/src/rp2_common/pico_double/double_aeabi.S.obj
                0x10005dcc                __wrap___aeabi_dcmpge
 .text.__wrap___aeabi_dcmpgt
                0x10005ddc        0xa CMakeFiles/encoder_v1.dir/C_/Program_Files/Raspberry_Pi/Pico_SDK_v1.5.1/pico-sdk/src/rp2_common/pico_double/double_aeabi.S.obj
                0x10005ddc                __wrap___aeabi_dcmpgt
 .text.__wrap___aeabi_dcmpun
                0x10005de6       0x1c CMakeFiles/encoder_v1.dir/C_/Program_Files/Raspberry_Pi/Pico_SDK_v1.5.1/pico-sdk/src/rp2_common/pico_double/double_aeabi.S.obj
                0x10005de6                __wrap___aeabi_dcmpun
 *fill*         0x10005e02        0x2 
 .text.__wrap___aeabi_i2d
                0x10005e04       0x38 CMakeFiles/encoder_v1.dir/C_/Program_Files/Raspberry_Pi/Pico_SDK_v1.5.1/pico-sdk/src/rp2_common/pico_double/double_aeabi.S.obj
                0x10005e04                __wrap___aeabi_ui2d
                0x10005e0c                __wrap___aeabi_i2d
 .text.__wrap___aeabi_d2iz
                0x10005e3c       0x48 CMakeFiles/encoder_v1.dir/C_/Program_Files/Raspberry_Pi/Pico_SDK_v1.5.1/pico-sdk/src/rp2_common/pico_double/double_aeabi.S.obj
                0x10005e3c                double2int_z
                0x10005e3c                __wrap___aeabi_d2iz
 .text.__wrap___aeabi_d2uiz
                0x10005e84       0x10 CMakeFiles/encoder_v1.dir/C_/Program_Files/Raspberry_Pi/Pico_SDK_v1.5.1/pico-sdk/src/rp2_common/pico_double/double_aeabi.S.obj
                0x10005e84                __wrap___aeabi_d2uiz
                0x10005e84                double2uint
 .text.__wrap___aeabi_ul2d
                0x10005e94       0x10 CMakeFiles/encoder_v1.dir/C_/Program_Files/Raspberry_Pi/Pico_SDK_v1.5.1/pico-sdk/src/rp2_common/pico_double/double_aeabi.S.obj
                0x10005e94                __wrap___aeabi_ul2d
 .text.__wrap_srqt
                0x10005ea4       0x10 CMakeFiles/encoder_v1.dir/C_/Program_Files/Raspberry_Pi/Pico_SDK_v1.5.1/pico-sdk/src/rp2_common/pico_double/double_aeabi.S.obj
                0x10005ea4                __wrap_sqrt
 .text.missing_double_func_shim
                0x10005eb4        0xc CMakeFiles/encoder_v1.dir/C_/Program_Files/Raspberry_Pi/Pico_SDK_v1.5.1/pico-sdk/src/rp2_common/pico_double/double_init_rom.c.obj
 .text.__aeabi_double_init
                0x10005ec0       0xcc CMakeFiles/encoder_v1.dir/C_/Program_Files/Raspberry_Pi/Pico_SDK_v1.5.1/pico-sdk/src/rp2_common/pico_double/double_init_rom.c.obj
                0x10005ec0                __aeabi_double_init
 .text.double_table_shim_on_use_helper
                0x10005f8c       0x34 CMakeFiles/encoder_v1.dir/C_/Program_Files/Raspberry_Pi/Pico_SDK_v1.5.1/pico-sdk/src/rp2_common/pico_double/double_v1_rom_shim.S.obj
                0x10005f8c                double_table_shim_on_use_helper
 .text.__aeabi_lmul
                0x10005fc0       0x32 CMakeFiles/encoder_v1.dir/ae783cfadb10a0055c655bcf0b179659/pico-sdk/src/rp2_common/pico_int64_ops/pico_int64_ops_aeabi.S.obj
                0x10005fc0                __wrap___aeabi_lmul
 *fill*         0x10005ff2        0x2 
 .text.__wrap___aeabi_i2f
                0x10005ff4       0x44 CMakeFiles/encoder_v1.dir/C_/Program_Files/Raspberry_Pi/Pico_SDK_v1.5.1/pico-sdk/src/rp2_common/pico_float/float_aeabi.S.obj
                0x10005ff4                __wrap___aeabi_i2f
 .text.missing_float_func_shim
                0x10006038        0xc CMakeFiles/encoder_v1.dir/C_/Program_Files/Raspberry_Pi/Pico_SDK_v1.5.1/pico-sdk/src/rp2_common/pico_float/float_init_rom.c.obj
 .text.__aeabi_float_init
                0x10006044       0x88 CMakeFiles/encoder_v1.dir/C_/Program_Files/Raspberry_Pi/Pico_SDK_v1.5.1/pico-sdk/src/rp2_common/pico_float/float_init_rom.c.obj
                0x10006044                __aeabi_float_init
 .text          0x100060cc       0x10 CMakeFiles/encoder_v1.dir/C_/Program_Files/Raspberry_Pi/Pico_SDK_v1.5.1/pico-sdk/src/rp2_common/pico_mem_ops/mem_ops_aeabi.S.obj
                0x100060cc                __aeabi_mem_init
 .text.memset   0x100060dc        0xc CMakeFiles/encoder_v1.dir/C_/Program_Files/Raspberry_Pi/Pico_SDK_v1.5.1/pico-sdk/src/rp2_common/pico_mem_ops/mem_ops_aeabi.S.obj
                0x100060dc                __wrap_memset
 .text.memcpy   0x100060e8        0xc CMakeFiles/encoder_v1.dir/C_/Program_Files/Raspberry_Pi/Pico_SDK_v1.5.1/pico-sdk/src/rp2_common/pico_mem_ops/mem_ops_aeabi.S.obj
                0x100060e8                __wrap_memcpy
                0x100060e8                __wrap___aeabi_memcpy
 .text.stdio_out_chars_no_crlf
                0x100060f4        0xe CMakeFiles/encoder_v1.dir/C_/Program_Files/Raspberry_Pi/Pico_SDK_v1.5.1/pico-sdk/src/rp2_common/pico_stdio/stdio.c.obj
 *fill*         0x10006102        0x2 
 .text.stdio_out_chars_crlf
                0x10006104       0x80 CMakeFiles/encoder_v1.dir/C_/Program_Files/Raspberry_Pi/Pico_SDK_v1.5.1/pico-sdk/src/rp2_common/pico_stdio/stdio.c.obj
 .text.stdio_stack_buffer_flush
                0x10006184       0x44 CMakeFiles/encoder_v1.dir/C_/Program_Files/Raspberry_Pi/Pico_SDK_v1.5.1/pico-sdk/src/rp2_common/pico_stdio/stdio.c.obj
 .text.stdio_buffered_printer
                0x100061c8       0x20 CMakeFiles/encoder_v1.dir/C_/Program_Files/Raspberry_Pi/Pico_SDK_v1.5.1/pico-sdk/src/rp2_common/pico_stdio/stdio.c.obj
 .text.stdout_serialize_begin
                0x100061e8       0x5c CMakeFiles/encoder_v1.dir/C_/Program_Files/Raspberry_Pi/Pico_SDK_v1.5.1/pico-sdk/src/rp2_common/pico_stdio/stdio.c.obj
                0x100061e8                stdout_serialize_begin
 .text.stdout_serialize_end
                0x10006244       0x10 CMakeFiles/encoder_v1.dir/C_/Program_Files/Raspberry_Pi/Pico_SDK_v1.5.1/pico-sdk/src/rp2_common/pico_stdio/stdio.c.obj
                0x10006244                stdout_serialize_end
 .text.stdio_put_string
                0x10006254       0x98 CMakeFiles/encoder_v1.dir/C_/Program_Files/Raspberry_Pi/Pico_SDK_v1.5.1/pico-sdk/src/rp2_common/pico_stdio/stdio.c.obj
 .text.__wrap_putchar
                0x100062ec       0x1c CMakeFiles/encoder_v1.dir/C_/Program_Files/Raspberry_Pi/Pico_SDK_v1.5.1/pico-sdk/src/rp2_common/pico_stdio/stdio.c.obj
                0x100062ec                __wrap_putchar
 .text.stdio_set_driver_enabled
                0x10006308       0x2c CMakeFiles/encoder_v1.dir/C_/Program_Files/Raspberry_Pi/Pico_SDK_v1.5.1/pico-sdk/src/rp2_common/pico_stdio/stdio.c.obj
                0x10006308                stdio_set_driver_enabled
 .text.stdio_flush
                0x10006334       0x20 CMakeFiles/encoder_v1.dir/C_/Program_Files/Raspberry_Pi/Pico_SDK_v1.5.1/pico-sdk/src/rp2_common/pico_stdio/stdio.c.obj
                0x10006334                stdio_flush
 .text.__wrap_puts
                0x10006354       0x1e CMakeFiles/encoder_v1.dir/C_/Program_Files/Raspberry_Pi/Pico_SDK_v1.5.1/pico-sdk/src/rp2_common/pico_stdio/stdio.c.obj
                0x10006354                __wrap_puts
 *fill*         0x10006372        0x2 
 .text.__wrap_vprintf
                0x10006374       0x40 CMakeFiles/encoder_v1.dir/C_/Program_Files/Raspberry_Pi/Pico_SDK_v1.5.1/pico-sdk/src/rp2_common/pico_stdio/stdio.c.obj
                0x10006374                __wrap_vprintf
 .text.__wrap_printf
                0x100063b4       0x18 CMakeFiles/encoder_v1.dir/C_/Program_Files/Raspberry_Pi/Pico_SDK_v1.5.1/pico-sdk/src/rp2_common/pico_stdio/stdio.c.obj
                0x100063b4                __wrap_printf
 .text.stdio_init_all
                0x100063cc        0x8 CMakeFiles/encoder_v1.dir/C_/Program_Files/Raspberry_Pi/Pico_SDK_v1.5.1/pico-sdk/src/rp2_common/pico_stdio/stdio.c.obj
                0x100063cc                stdio_init_all
 .text.resetd_init
                0x100063d4        0x2 CMakeFiles/encoder_v1.dir/C_/Program_Files/Raspberry_Pi/Pico_SDK_v1.5.1/pico-sdk/src/rp2_common/pico_stdio_usb/reset_interface.c.obj
 *fill*         0x100063d6        0x2 
 .text.resetd_reset
                0x100063d8        0xc CMakeFiles/encoder_v1.dir/C_/Program_Files/Raspberry_Pi/Pico_SDK_v1.5.1/pico-sdk/src/rp2_common/pico_stdio_usb/reset_interface.c.obj
 .text.resetd_open
                0x100063e4       0x34 CMakeFiles/encoder_v1.dir/C_/Program_Files/Raspberry_Pi/Pico_SDK_v1.5.1/pico-sdk/src/rp2_common/pico_stdio_usb/reset_interface.c.obj
 .text.resetd_xfer_cb
                0x10006418        0x4 CMakeFiles/encoder_v1.dir/C_/Program_Files/Raspberry_Pi/Pico_SDK_v1.5.1/pico-sdk/src/rp2_common/pico_stdio_usb/reset_interface.c.obj
 .text.reset_usb_boot
                0x1000641c       0x18 CMakeFiles/encoder_v1.dir/C_/Program_Files/Raspberry_Pi/Pico_SDK_v1.5.1/pico-sdk/src/rp2_common/pico_stdio_usb/reset_interface.c.obj
 .text.resetd_control_xfer_cb
                0x10006434       0x5c CMakeFiles/encoder_v1.dir/C_/Program_Files/Raspberry_Pi/Pico_SDK_v1.5.1/pico-sdk/src/rp2_common/pico_stdio_usb/reset_interface.c.obj
 .text.usbd_app_driver_get_cb
                0x10006490        0xc CMakeFiles/encoder_v1.dir/C_/Program_Files/Raspberry_Pi/Pico_SDK_v1.5.1/pico-sdk/src/rp2_common/pico_stdio_usb/reset_interface.c.obj
                0x10006490                usbd_app_driver_get_cb
 .text.tud_cdc_line_coding_cb
                0x1000649c       0x28 CMakeFiles/encoder_v1.dir/C_/Program_Files/Raspberry_Pi/Pico_SDK_v1.5.1/pico-sdk/src/rp2_common/pico_stdio_usb/reset_interface.c.obj
                0x1000649c                tud_cdc_line_coding_cb
 .text.stdio_usb_set_chars_available_callback
                0x100064c4       0x14 CMakeFiles/encoder_v1.dir/C_/Program_Files/Raspberry_Pi/Pico_SDK_v1.5.1/pico-sdk/src/rp2_common/pico_stdio_usb/stdio_usb.c.obj
                0x100064c4                stdio_usb_set_chars_available_callback
 .text.usb_irq  0x100064d8       0x10 CMakeFiles/encoder_v1.dir/C_/Program_Files/Raspberry_Pi/Pico_SDK_v1.5.1/pico-sdk/src/rp2_common/pico_stdio_usb/stdio_usb.c.obj
 .text.timer_task
                0x100064e8       0x5c CMakeFiles/encoder_v1.dir/C_/Program_Files/Raspberry_Pi/Pico_SDK_v1.5.1/pico-sdk/src/rp2_common/pico_stdio_usb/stdio_usb.c.obj
 .text.low_priority_worker_irq
                0x10006544       0xdc CMakeFiles/encoder_v1.dir/C_/Program_Files/Raspberry_Pi/Pico_SDK_v1.5.1/pico-sdk/src/rp2_common/pico_stdio_usb/stdio_usb.c.obj
 .text.tud_cdc_rx_cb
                0x10006620       0x20 CMakeFiles/encoder_v1.dir/C_/Program_Files/Raspberry_Pi/Pico_SDK_v1.5.1/pico-sdk/src/rp2_common/pico_stdio_usb/stdio_usb.c.obj
                0x10006620                tud_cdc_rx_cb
 .text.stdio_usb_init
                0x10006640      0x11c CMakeFiles/encoder_v1.dir/C_/Program_Files/Raspberry_Pi/Pico_SDK_v1.5.1/pico-sdk/src/rp2_common/pico_stdio_usb/stdio_usb.c.obj
                0x10006640                stdio_usb_init
 .text.stdio_usb_connected
                0x1000675c        0xa CMakeFiles/encoder_v1.dir/C_/Program_Files/Raspberry_Pi/Pico_SDK_v1.5.1/pico-sdk/src/rp2_common/pico_stdio_usb/stdio_usb.c.obj
                0x1000675c                stdio_usb_connected
 *fill*         0x10006766        0x2 
 .text.stdio_usb_in_chars
                0x10006768       0xc4 CMakeFiles/encoder_v1.dir/C_/Program_Files/Raspberry_Pi/Pico_SDK_v1.5.1/pico-sdk/src/rp2_common/pico_stdio_usb/stdio_usb.c.obj
                0x10006768                stdio_usb_in_chars
 .text.stdio_usb_out_chars
                0x1000682c      0x114 CMakeFiles/encoder_v1.dir/C_/Program_Files/Raspberry_Pi/Pico_SDK_v1.5.1/pico-sdk/src/rp2_common/pico_stdio_usb/stdio_usb.c.obj
 .text.tud_descriptor_device_cb
                0x10006940        0x8 CMakeFiles/encoder_v1.dir/ae783cfadb10a0055c655bcf0b179659/pico-sdk/src/rp2_common/pico_stdio_usb/stdio_usb_descriptors.c.obj
                0x10006940                tud_descriptor_device_cb
 .text.tud_descriptor_configuration_cb
                0x10006948        0x8 CMakeFiles/encoder_v1.dir/ae783cfadb10a0055c655bcf0b179659/pico-sdk/src/rp2_common/pico_stdio_usb/stdio_usb_descriptors.c.obj
                0x10006948                tud_descriptor_configuration_cb
 .text.tud_descriptor_string_cb
                0x10006950       0x6c CMakeFiles/encoder_v1.dir/ae783cfadb10a0055c655bcf0b179659/pico-sdk/src/rp2_common/pico_stdio_usb/stdio_usb_descriptors.c.obj
                0x10006950                tud_descriptor_string_cb
 .text._retrieve_unique_id_on_boot
                0x100069bc       0x10 CMakeFiles/encoder_v1.dir/C_/Program_Files/Raspberry_Pi/Pico_SDK_v1.5.1/pico-sdk/src/rp2_common/pico_unique_id/unique_id.c.obj
 .text.pico_get_unique_board_id
                0x100069cc       0x10 CMakeFiles/encoder_v1.dir/C_/Program_Files/Raspberry_Pi/Pico_SDK_v1.5.1/pico-sdk/src/rp2_common/pico_unique_id/unique_id.c.obj
                0x100069cc                pico_get_unique_board_id
 .text.pico_get_unique_board_id_string
                0x100069dc       0x60 CMakeFiles/encoder_v1.dir/C_/Program_Files/Raspberry_Pi/Pico_SDK_v1.5.1/pico-sdk/src/rp2_common/pico_unique_id/unique_id.c.obj
                0x100069dc                pico_get_unique_board_id_string
 .text.flash_get_unique_id
                0x10006a3c       0x46 CMakeFiles/encoder_v1.dir/C_/Program_Files/Raspberry_Pi/Pico_SDK_v1.5.1/pico-sdk/src/rp2_common/hardware_flash/flash.c.obj
                0x10006a3c                flash_get_unique_id
 *fill*         0x10006a82        0x2 
 .text.hw_endpoint_get_by_addr
                0x10006a84       0x18 CMakeFiles/encoder_v1.dir/ae783cfadb10a0055c655bcf0b179659/pico-sdk/lib/tinyusb/src/portable/raspberrypi/rp2040/dcd_rp2040.c.obj
 .text._hw_endpoint_alloc
                0x10006a9c       0x70 CMakeFiles/encoder_v1.dir/ae783cfadb10a0055c655bcf0b179659/pico-sdk/lib/tinyusb/src/portable/raspberrypi/rp2040/dcd_rp2040.c.obj
 .text.hw_endpoint_init
                0x10006b0c       0x88 CMakeFiles/encoder_v1.dir/ae783cfadb10a0055c655bcf0b179659/pico-sdk/lib/tinyusb/src/portable/raspberrypi/rp2040/dcd_rp2040.c.obj
 .text.hw_endpoint_xfer
                0x10006b94       0x14 CMakeFiles/encoder_v1.dir/ae783cfadb10a0055c655bcf0b179659/pico-sdk/lib/tinyusb/src/portable/raspberrypi/rp2040/dcd_rp2040.c.obj
 .text.dcd_int_enable
                0x10006ba8       0x2c CMakeFiles/encoder_v1.dir/ae783cfadb10a0055c655bcf0b179659/pico-sdk/lib/tinyusb/src/portable/raspberrypi/rp2040/dcd_rp2040.c.obj
                0x10006ba8                dcd_int_enable
 .text.dcd_set_address
                0x10006bd4       0x2c CMakeFiles/encoder_v1.dir/ae783cfadb10a0055c655bcf0b179659/pico-sdk/lib/tinyusb/src/portable/raspberrypi/rp2040/dcd_rp2040.c.obj
                0x10006bd4                dcd_set_address
 .text.dcd_connect
                0x10006c00       0x10 CMakeFiles/encoder_v1.dir/ae783cfadb10a0055c655bcf0b179659/pico-sdk/lib/tinyusb/src/portable/raspberrypi/rp2040/dcd_rp2040.c.obj
                0x10006c00                dcd_connect
 .text.dcd_init
                0x10006c10       0x80 CMakeFiles/encoder_v1.dir/ae783cfadb10a0055c655bcf0b179659/pico-sdk/lib/tinyusb/src/portable/raspberrypi/rp2040/dcd_rp2040.c.obj
                0x10006c10                dcd_init
 .text.dcd_edpt0_status_complete
                0x10006c90       0x1c CMakeFiles/encoder_v1.dir/ae783cfadb10a0055c655bcf0b179659/pico-sdk/lib/tinyusb/src/portable/raspberrypi/rp2040/dcd_rp2040.c.obj
                0x10006c90                dcd_edpt0_status_complete
 .text.dcd_edpt_open
                0x10006cac       0x40 CMakeFiles/encoder_v1.dir/ae783cfadb10a0055c655bcf0b179659/pico-sdk/lib/tinyusb/src/portable/raspberrypi/rp2040/dcd_rp2040.c.obj
                0x10006cac                dcd_edpt_open
 .text.dcd_edpt_close_all
                0x10006cec        0x8 CMakeFiles/encoder_v1.dir/ae783cfadb10a0055c655bcf0b179659/pico-sdk/lib/tinyusb/src/portable/raspberrypi/rp2040/dcd_rp2040.c.obj
                0x10006cec                dcd_edpt_close_all
 .text.dcd_edpt_xfer
                0x10006cf4       0x34 CMakeFiles/encoder_v1.dir/ae783cfadb10a0055c655bcf0b179659/pico-sdk/lib/tinyusb/src/portable/raspberrypi/rp2040/dcd_rp2040.c.obj
                0x10006cf4                dcd_edpt_xfer
 .text.dcd_edpt_stall
                0x10006d28       0x2c CMakeFiles/encoder_v1.dir/ae783cfadb10a0055c655bcf0b179659/pico-sdk/lib/tinyusb/src/portable/raspberrypi/rp2040/dcd_rp2040.c.obj
                0x10006d28                dcd_edpt_stall
 .text.dcd_edpt_clear_stall
                0x10006d54       0x20 CMakeFiles/encoder_v1.dir/ae783cfadb10a0055c655bcf0b179659/pico-sdk/lib/tinyusb/src/portable/raspberrypi/rp2040/dcd_rp2040.c.obj
                0x10006d54                dcd_edpt_clear_stall
 .text.rp2040_usb_init
                0x10006d74       0x4c CMakeFiles/encoder_v1.dir/ae783cfadb10a0055c655bcf0b179659/pico-sdk/lib/tinyusb/src/portable/raspberrypi/rp2040/rp2040_usb.c.obj
                0x10006d74                rp2040_usb_init
 .text.hw_endpoint_xfer_start
                0x10006dc0       0x50 CMakeFiles/encoder_v1.dir/ae783cfadb10a0055c655bcf0b179659/pico-sdk/lib/tinyusb/src/portable/raspberrypi/rp2040/rp2040_usb.c.obj
                0x10006dc0                hw_endpoint_xfer_start
 .text.configuration_reset
                0x10006e10       0x84 CMakeFiles/encoder_v1.dir/C_/Program_Files/Raspberry_Pi/Pico_SDK_v1.5.1/pico-sdk/lib/tinyusb/src/device/usbd.c.obj
 .text.usbd_reset
                0x10006e94        0xc CMakeFiles/encoder_v1.dir/C_/Program_Files/Raspberry_Pi/Pico_SDK_v1.5.1/pico-sdk/lib/tinyusb/src/device/usbd.c.obj
 .text.invoke_class_control
                0x10006ea0       0x1a CMakeFiles/encoder_v1.dir/C_/Program_Files/Raspberry_Pi/Pico_SDK_v1.5.1/pico-sdk/lib/tinyusb/src/device/usbd.c.obj
 *fill*         0x10006eba        0x2 
 .text.process_set_config
                0x10006ebc      0x178 CMakeFiles/encoder_v1.dir/C_/Program_Files/Raspberry_Pi/Pico_SDK_v1.5.1/pico-sdk/lib/tinyusb/src/device/usbd.c.obj
 .text.process_get_descriptor
                0x10007034       0xdc CMakeFiles/encoder_v1.dir/C_/Program_Files/Raspberry_Pi/Pico_SDK_v1.5.1/pico-sdk/lib/tinyusb/src/device/usbd.c.obj
 .text.tud_mounted
                0x10007110       0x10 CMakeFiles/encoder_v1.dir/C_/Program_Files/Raspberry_Pi/Pico_SDK_v1.5.1/pico-sdk/lib/tinyusb/src/device/usbd.c.obj
                0x10007110                tud_mounted
 .text.tud_suspended
                0x10007120       0x10 CMakeFiles/encoder_v1.dir/C_/Program_Files/Raspberry_Pi/Pico_SDK_v1.5.1/pico-sdk/lib/tinyusb/src/device/usbd.c.obj
                0x10007120                tud_suspended
 .text.tud_inited
                0x10007130       0x14 CMakeFiles/encoder_v1.dir/C_/Program_Files/Raspberry_Pi/Pico_SDK_v1.5.1/pico-sdk/lib/tinyusb/src/device/usbd.c.obj
                0x10007130                tud_inited
 .text.tud_init
                0x10007144       0xcc CMakeFiles/encoder_v1.dir/C_/Program_Files/Raspberry_Pi/Pico_SDK_v1.5.1/pico-sdk/lib/tinyusb/src/device/usbd.c.obj
                0x10007144                tud_init
 .text.usbd_defer_func
                0x10007210       0x2a CMakeFiles/encoder_v1.dir/C_/Program_Files/Raspberry_Pi/Pico_SDK_v1.5.1/pico-sdk/lib/tinyusb/src/device/usbd.c.obj
                0x10007210                usbd_defer_func
 *fill*         0x1000723a        0x2 
 .text.usbd_edpt_open
                0x1000723c       0x34 CMakeFiles/encoder_v1.dir/C_/Program_Files/Raspberry_Pi/Pico_SDK_v1.5.1/pico-sdk/lib/tinyusb/src/device/usbd.c.obj
                0x1000723c                usbd_edpt_open
 .text.usbd_open_edpt_pair
                0x10007270       0x62 CMakeFiles/encoder_v1.dir/C_/Program_Files/Raspberry_Pi/Pico_SDK_v1.5.1/pico-sdk/lib/tinyusb/src/device/usbd.c.obj
                0x10007270                usbd_open_edpt_pair
 *fill*         0x100072d2        0x2 
 .text.usbd_edpt_claim
                0x100072d4       0x28 CMakeFiles/encoder_v1.dir/C_/Program_Files/Raspberry_Pi/Pico_SDK_v1.5.1/pico-sdk/lib/tinyusb/src/device/usbd.c.obj
                0x100072d4                usbd_edpt_claim
 .text.usbd_edpt_release
                0x100072fc       0x28 CMakeFiles/encoder_v1.dir/C_/Program_Files/Raspberry_Pi/Pico_SDK_v1.5.1/pico-sdk/lib/tinyusb/src/device/usbd.c.obj
                0x100072fc                usbd_edpt_release
 .text.usbd_edpt_xfer
                0x10007324       0x78 CMakeFiles/encoder_v1.dir/C_/Program_Files/Raspberry_Pi/Pico_SDK_v1.5.1/pico-sdk/lib/tinyusb/src/device/usbd.c.obj
                0x10007324                usbd_edpt_xfer
 .text.usbd_edpt_stall
                0x1000739c       0x48 CMakeFiles/encoder_v1.dir/C_/Program_Files/Raspberry_Pi/Pico_SDK_v1.5.1/pico-sdk/lib/tinyusb/src/device/usbd.c.obj
                0x1000739c                usbd_edpt_stall
 .text.usbd_edpt_clear_stall
                0x100073e4       0x48 CMakeFiles/encoder_v1.dir/C_/Program_Files/Raspberry_Pi/Pico_SDK_v1.5.1/pico-sdk/lib/tinyusb/src/device/usbd.c.obj
                0x100073e4                usbd_edpt_clear_stall
 .text.usbd_edpt_stalled
                0x1000742c       0x1c CMakeFiles/encoder_v1.dir/C_/Program_Files/Raspberry_Pi/Pico_SDK_v1.5.1/pico-sdk/lib/tinyusb/src/device/usbd.c.obj
                0x1000742c                usbd_edpt_stalled
 .text.process_control_request
                0x10007448      0x37c CMakeFiles/encoder_v1.dir/C_/Program_Files/Raspberry_Pi/Pico_SDK_v1.5.1/pico-sdk/lib/tinyusb/src/device/usbd.c.obj
 .text.tud_task_ext
                0x100077c4      0x1b8 CMakeFiles/encoder_v1.dir/C_/Program_Files/Raspberry_Pi/Pico_SDK_v1.5.1/pico-sdk/lib/tinyusb/src/device/usbd.c.obj
                0x100077c4                tud_task_ext
 .text._data_stage_xact
                0x1000797c       0x58 CMakeFiles/encoder_v1.dir/C_/Program_Files/Raspberry_Pi/Pico_SDK_v1.5.1/pico-sdk/lib/tinyusb/src/device/usbd_control.c.obj
 .text.tud_control_status
                0x100079d4       0x38 CMakeFiles/encoder_v1.dir/C_/Program_Files/Raspberry_Pi/Pico_SDK_v1.5.1/pico-sdk/lib/tinyusb/src/device/usbd_control.c.obj
                0x100079d4                tud_control_status
 .text.tud_control_xfer
                0x10007a0c       0x74 CMakeFiles/encoder_v1.dir/C_/Program_Files/Raspberry_Pi/Pico_SDK_v1.5.1/pico-sdk/lib/tinyusb/src/device/usbd_control.c.obj
                0x10007a0c                tud_control_xfer
 .text.usbd_control_reset
                0x10007a80       0x14 CMakeFiles/encoder_v1.dir/C_/Program_Files/Raspberry_Pi/Pico_SDK_v1.5.1/pico-sdk/lib/tinyusb/src/device/usbd_control.c.obj
                0x10007a80                usbd_control_reset
 .text.usbd_control_set_complete_callback
                0x10007a94        0xc CMakeFiles/encoder_v1.dir/C_/Program_Files/Raspberry_Pi/Pico_SDK_v1.5.1/pico-sdk/lib/tinyusb/src/device/usbd_control.c.obj
                0x10007a94                usbd_control_set_complete_callback
 .text.usbd_control_set_request
                0x10007aa0       0x1c CMakeFiles/encoder_v1.dir/C_/Program_Files/Raspberry_Pi/Pico_SDK_v1.5.1/pico-sdk/lib/tinyusb/src/device/usbd_control.c.obj
                0x10007aa0                usbd_control_set_request
 .text.usbd_control_xfer_cb
                0x10007abc       0xcc CMakeFiles/encoder_v1.dir/C_/Program_Files/Raspberry_Pi/Pico_SDK_v1.5.1/pico-sdk/lib/tinyusb/src/device/usbd_control.c.obj
                0x10007abc                usbd_control_xfer_cb
 .text._prep_out_transaction
                0x10007b88       0x4a CMakeFiles/encoder_v1.dir/C_/Program_Files/Raspberry_Pi/Pico_SDK_v1.5.1/pico-sdk/lib/tinyusb/src/class/cdc/cdc_device.c.obj
 *fill*         0x10007bd2        0x2 
 .text.tud_cdc_n_connected
                0x10007bd4       0x44 CMakeFiles/encoder_v1.dir/C_/Program_Files/Raspberry_Pi/Pico_SDK_v1.5.1/pico-sdk/lib/tinyusb/src/class/cdc/cdc_device.c.obj
                0x10007bd4                tud_cdc_n_connected
 .text.tud_cdc_n_available
                0x10007c18       0x18 CMakeFiles/encoder_v1.dir/C_/Program_Files/Raspberry_Pi/Pico_SDK_v1.5.1/pico-sdk/lib/tinyusb/src/class/cdc/cdc_device.c.obj
                0x10007c18                tud_cdc_n_available
 .text.tud_cdc_n_read
                0x10007c30       0x28 CMakeFiles/encoder_v1.dir/C_/Program_Files/Raspberry_Pi/Pico_SDK_v1.5.1/pico-sdk/lib/tinyusb/src/class/cdc/cdc_device.c.obj
                0x10007c30                tud_cdc_n_read
 .text.tud_cdc_n_write_flush
                0x10007c58       0xb8 CMakeFiles/encoder_v1.dir/C_/Program_Files/Raspberry_Pi/Pico_SDK_v1.5.1/pico-sdk/lib/tinyusb/src/class/cdc/cdc_device.c.obj
                0x10007c58                tud_cdc_n_write_flush
 .text.tud_cdc_n_write
                0x10007d10       0x38 CMakeFiles/encoder_v1.dir/C_/Program_Files/Raspberry_Pi/Pico_SDK_v1.5.1/pico-sdk/lib/tinyusb/src/class/cdc/cdc_device.c.obj
                0x10007d10                tud_cdc_n_write
 .text.tud_cdc_n_write_available
                0x10007d48       0x1c CMakeFiles/encoder_v1.dir/C_/Program_Files/Raspberry_Pi/Pico_SDK_v1.5.1/pico-sdk/lib/tinyusb/src/class/cdc/cdc_device.c.obj
                0x10007d48                tud_cdc_n_write_available
 .text.cdcd_init
                0x10007d64       0xbc CMakeFiles/encoder_v1.dir/C_/Program_Files/Raspberry_Pi/Pico_SDK_v1.5.1/pico-sdk/lib/tinyusb/src/class/cdc/cdc_device.c.obj
                0x10007d64                cdcd_init
 .text.cdcd_reset
                0x10007e20       0x44 CMakeFiles/encoder_v1.dir/C_/Program_Files/Raspberry_Pi/Pico_SDK_v1.5.1/pico-sdk/lib/tinyusb/src/class/cdc/cdc_device.c.obj
                0x10007e20                cdcd_reset
 .text.cdcd_open
                0x10007e64       0xcc CMakeFiles/encoder_v1.dir/C_/Program_Files/Raspberry_Pi/Pico_SDK_v1.5.1/pico-sdk/lib/tinyusb/src/class/cdc/cdc_device.c.obj
                0x10007e64                cdcd_open
 .text.cdcd_control_xfer_cb
                0x10007f30      0x134 CMakeFiles/encoder_v1.dir/C_/Program_Files/Raspberry_Pi/Pico_SDK_v1.5.1/pico-sdk/lib/tinyusb/src/class/cdc/cdc_device.c.obj
                0x10007f30                cdcd_control_xfer_cb
 .text.cdcd_xfer_cb
                0x10008064      0x130 CMakeFiles/encoder_v1.dir/C_/Program_Files/Raspberry_Pi/Pico_SDK_v1.5.1/pico-sdk/lib/tinyusb/src/class/cdc/cdc_device.c.obj
                0x10008064                cdcd_xfer_cb
 .text.tusb_init
                0x10008194        0xa CMakeFiles/encoder_v1.dir/C_/Program_Files/Raspberry_Pi/Pico_SDK_v1.5.1/pico-sdk/lib/tinyusb/src/tusb.c.obj
                0x10008194                tusb_init
 .text.tusb_inited
                0x1000819e        0xe CMakeFiles/encoder_v1.dir/C_/Program_Files/Raspberry_Pi/Pico_SDK_v1.5.1/pico-sdk/lib/tinyusb/src/tusb.c.obj
                0x1000819e                tusb_inited
 .text.tu_edpt_claim
                0x100081ac       0x50 CMakeFiles/encoder_v1.dir/C_/Program_Files/Raspberry_Pi/Pico_SDK_v1.5.1/pico-sdk/lib/tinyusb/src/tusb.c.obj
                0x100081ac                tu_edpt_claim
 .text.tu_edpt_release
                0x100081fc       0x3c CMakeFiles/encoder_v1.dir/C_/Program_Files/Raspberry_Pi/Pico_SDK_v1.5.1/pico-sdk/lib/tinyusb/src/tusb.c.obj
                0x100081fc                tu_edpt_release
 .text.tu_edpt_validate
                0x10008238       0x78 CMakeFiles/encoder_v1.dir/C_/Program_Files/Raspberry_Pi/Pico_SDK_v1.5.1/pico-sdk/lib/tinyusb/src/tusb.c.obj
                0x10008238                tu_edpt_validate
 .text.tu_edpt_bind_driver
                0x100082b0       0x26 CMakeFiles/encoder_v1.dir/C_/Program_Files/Raspberry_Pi/Pico_SDK_v1.5.1/pico-sdk/lib/tinyusb/src/tusb.c.obj
                0x100082b0                tu_edpt_bind_driver
 .text.advance_index
                0x100082d6       0x1a CMakeFiles/encoder_v1.dir/C_/Program_Files/Raspberry_Pi/Pico_SDK_v1.5.1/pico-sdk/lib/tinyusb/src/common/tusb_fifo.c.obj
 .text._tu_fifo_peek
                0x100082f0       0x56 CMakeFiles/encoder_v1.dir/C_/Program_Files/Raspberry_Pi/Pico_SDK_v1.5.1/pico-sdk/lib/tinyusb/src/common/tusb_fifo.c.obj
 .text._ff_pull_const_addr
                0x10008346       0x4c CMakeFiles/encoder_v1.dir/C_/Program_Files/Raspberry_Pi/Pico_SDK_v1.5.1/pico-sdk/lib/tinyusb/src/common/tusb_fifo.c.obj
 .text._ff_pull_n
                0x10008392      0x110 CMakeFiles/encoder_v1.dir/C_/Program_Files/Raspberry_Pi/Pico_SDK_v1.5.1/pico-sdk/lib/tinyusb/src/common/tusb_fifo.c.obj
 .text._tu_fifo_peek_n
                0x100084a2       0x6a CMakeFiles/encoder_v1.dir/C_/Program_Files/Raspberry_Pi/Pico_SDK_v1.5.1/pico-sdk/lib/tinyusb/src/common/tusb_fifo.c.obj
 .text._tu_fifo_read_n
                0x1000850c       0x4e CMakeFiles/encoder_v1.dir/C_/Program_Files/Raspberry_Pi/Pico_SDK_v1.5.1/pico-sdk/lib/tinyusb/src/common/tusb_fifo.c.obj
 .text._ff_push_const_addr
                0x1000855a       0x40 CMakeFiles/encoder_v1.dir/C_/Program_Files/Raspberry_Pi/Pico_SDK_v1.5.1/pico-sdk/lib/tinyusb/src/common/tusb_fifo.c.obj
 .text._ff_push_n
                0x1000859a      0x10c CMakeFiles/encoder_v1.dir/C_/Program_Files/Raspberry_Pi/Pico_SDK_v1.5.1/pico-sdk/lib/tinyusb/src/common/tusb_fifo.c.obj
 .text._tu_fifo_write_n
                0x100086a6       0xf0 CMakeFiles/encoder_v1.dir/C_/Program_Files/Raspberry_Pi/Pico_SDK_v1.5.1/pico-sdk/lib/tinyusb/src/common/tusb_fifo.c.obj
 .text.tu_fifo_config
                0x10008796       0x7c CMakeFiles/encoder_v1.dir/C_/Program_Files/Raspberry_Pi/Pico_SDK_v1.5.1/pico-sdk/lib/tinyusb/src/common/tusb_fifo.c.obj
                0x10008796                tu_fifo_config
 .text.tu_fifo_count
                0x10008812       0x2a CMakeFiles/encoder_v1.dir/C_/Program_Files/Raspberry_Pi/Pico_SDK_v1.5.1/pico-sdk/lib/tinyusb/src/common/tusb_fifo.c.obj
                0x10008812                tu_fifo_count
 .text.tu_fifo_empty
                0x1000883c       0x10 CMakeFiles/encoder_v1.dir/C_/Program_Files/Raspberry_Pi/Pico_SDK_v1.5.1/pico-sdk/lib/tinyusb/src/common/tusb_fifo.c.obj
                0x1000883c                tu_fifo_empty
 .text.tu_fifo_full
                0x1000884c       0x28 CMakeFiles/encoder_v1.dir/C_/Program_Files/Raspberry_Pi/Pico_SDK_v1.5.1/pico-sdk/lib/tinyusb/src/common/tusb_fifo.c.obj
                0x1000884c                tu_fifo_full
 .text.tu_fifo_remaining
                0x10008874       0x2c CMakeFiles/encoder_v1.dir/C_/Program_Files/Raspberry_Pi/Pico_SDK_v1.5.1/pico-sdk/lib/tinyusb/src/common/tusb_fifo.c.obj
                0x10008874                tu_fifo_remaining
 .text.tu_fifo_read
                0x100088a0       0x42 CMakeFiles/encoder_v1.dir/C_/Program_Files/Raspberry_Pi/Pico_SDK_v1.5.1/pico-sdk/lib/tinyusb/src/common/tusb_fifo.c.obj
                0x100088a0                tu_fifo_read
 .text.tu_fifo_read_n
                0x100088e2        0xa CMakeFiles/encoder_v1.dir/C_/Program_Files/Raspberry_Pi/Pico_SDK_v1.5.1/pico-sdk/lib/tinyusb/src/common/tusb_fifo.c.obj
                0x100088e2                tu_fifo_read_n
 .text.tu_fifo_write
                0x100088ec       0x64 CMakeFiles/encoder_v1.dir/C_/Program_Files/Raspberry_Pi/Pico_SDK_v1.5.1/pico-sdk/lib/tinyusb/src/common/tusb_fifo.c.obj
                0x100088ec                tu_fifo_write
 .text.tu_fifo_write_n
                0x10008950        0xa CMakeFiles/encoder_v1.dir/C_/Program_Files/Raspberry_Pi/Pico_SDK_v1.5.1/pico-sdk/lib/tinyusb/src/common/tusb_fifo.c.obj
                0x10008950                tu_fifo_write_n
 .text.tu_fifo_clear
                0x1000895a       0x3e CMakeFiles/encoder_v1.dir/C_/Program_Files/Raspberry_Pi/Pico_SDK_v1.5.1/pico-sdk/lib/tinyusb/src/common/tusb_fifo.c.obj
                0x1000895a                tu_fifo_clear
 .text.tu_fifo_set_overwritable
                0x10008998       0x46 CMakeFiles/encoder_v1.dir/C_/Program_Files/Raspberry_Pi/Pico_SDK_v1.5.1/pico-sdk/lib/tinyusb/src/common/tusb_fifo.c.obj
                0x10008998                tu_fifo_set_overwritable
 .text.i2c_write_blocking_internal
                0x100089de      0x140 CMakeFiles/encoder_v1.dir/C_/Program_Files/Raspberry_Pi/Pico_SDK_v1.5.1/pico-sdk/src/rp2_common/hardware_i2c/i2c.c.obj
 .text.i2c_read_blocking_internal
                0x10008b1e       0xe6 CMakeFiles/encoder_v1.dir/C_/Program_Files/Raspberry_Pi/Pico_SDK_v1.5.1/pico-sdk/src/rp2_common/hardware_i2c/i2c.c.obj
 .text.i2c_set_baudrate
                0x10008c04       0xf0 CMakeFiles/encoder_v1.dir/C_/Program_Files/Raspberry_Pi/Pico_SDK_v1.5.1/pico-sdk/src/rp2_common/hardware_i2c/i2c.c.obj
                0x10008c04                i2c_set_baudrate
 .text.i2c_init
                0x10008cf4       0x58 CMakeFiles/encoder_v1.dir/C_/Program_Files/Raspberry_Pi/Pico_SDK_v1.5.1/pico-sdk/src/rp2_common/hardware_i2c/i2c.c.obj
                0x10008cf4                i2c_init
 .text.i2c_write_blocking
                0x10008d4c       0x18 CMakeFiles/encoder_v1.dir/C_/Program_Files/Raspberry_Pi/Pico_SDK_v1.5.1/pico-sdk/src/rp2_common/hardware_i2c/i2c.c.obj
                0x10008d4c                i2c_write_blocking
 .text.i2c_write_blocking_until
                0x10008d64       0x3e CMakeFiles/encoder_v1.dir/C_/Program_Files/Raspberry_Pi/Pico_SDK_v1.5.1/pico-sdk/src/rp2_common/hardware_i2c/i2c.c.obj
                0x10008d64                i2c_write_blocking_until
 .text.i2c_read_blocking_until
                0x10008da2       0x3e CMakeFiles/encoder_v1.dir/C_/Program_Files/Raspberry_Pi/Pico_SDK_v1.5.1/pico-sdk/src/rp2_common/hardware_i2c/i2c.c.obj
                0x10008da2                i2c_read_blocking_until
 .text.lwip_timeout_reached
                0x10008de0       0x2c CMakeFiles/encoder_v1.dir/C_/Program_Files/Raspberry_Pi/Pico_SDK_v1.5.1/pico-sdk/src/rp2_common/pico_lwip/lwip_nosys.c.obj
 .text.update_next_timeout
                0x10008e0c       0xb0 CMakeFiles/encoder_v1.dir/C_/Program_Files/Raspberry_Pi/Pico_SDK_v1.5.1/pico-sdk/src/rp2_common/pico_lwip/lwip_nosys.c.obj
 .text.lwip_nosys_init
                0x10008ebc       0x34 CMakeFiles/encoder_v1.dir/C_/Program_Files/Raspberry_Pi/Pico_SDK_v1.5.1/pico-sdk/src/rp2_common/pico_lwip/lwip_nosys.c.obj
                0x10008ebc                lwip_nosys_init
 .text.lwip_nosys_deinit
                0x10008ef0       0x20 CMakeFiles/encoder_v1.dir/C_/Program_Files/Raspberry_Pi/Pico_SDK_v1.5.1/pico-sdk/src/rp2_common/pico_lwip/lwip_nosys.c.obj
                0x10008ef0                lwip_nosys_deinit
 .text.sys_arch_protect
                0x10008f10        0x4 CMakeFiles/encoder_v1.dir/C_/Program_Files/Raspberry_Pi/Pico_SDK_v1.5.1/pico-sdk/src/rp2_common/pico_lwip/lwip_nosys.c.obj
                0x10008f10                sys_arch_protect
 .text.sys_arch_unprotect
                0x10008f14        0x2 CMakeFiles/encoder_v1.dir/C_/Program_Files/Raspberry_Pi/Pico_SDK_v1.5.1/pico-sdk/src/rp2_common/pico_lwip/lwip_nosys.c.obj
                0x10008f14                sys_arch_unprotect
 *fill*         0x10008f16        0x2 
 .text.sys_now  0x10008f18       0x3c CMakeFiles/encoder_v1.dir/C_/Program_Files/Raspberry_Pi/Pico_SDK_v1.5.1/pico-sdk/src/rp2_common/pico_lwip/lwip_nosys.c.obj
                0x10008f18                sys_now
 .text.async_context_base_add_at_time_worker
                0x10008f54       0x1c CMakeFiles/encoder_v1.dir/ae783cfadb10a0055c655bcf0b179659/pico-sdk/src/rp2_common/pico_async_context/async_context_base.c.obj
                0x10008f54                async_context_base_add_at_time_worker
 .text.async_context_base_remove_at_time_worker
                0x10008f70       0x1c CMakeFiles/encoder_v1.dir/ae783cfadb10a0055c655bcf0b179659/pico-sdk/src/rp2_common/pico_async_context/async_context_base.c.obj
                0x10008f70                async_context_base_remove_at_time_worker
 .text.async_context_base_add_when_pending_worker
                0x10008f8c       0x1c CMakeFiles/encoder_v1.dir/ae783cfadb10a0055c655bcf0b179659/pico-sdk/src/rp2_common/pico_async_context/async_context_base.c.obj
                0x10008f8c                async_context_base_add_when_pending_worker
 .text.async_context_base_remove_when_pending_worker
                0x10008fa8       0x1c CMakeFiles/encoder_v1.dir/ae783cfadb10a0055c655bcf0b179659/pico-sdk/src/rp2_common/pico_async_context/async_context_base.c.obj
                0x10008fa8                async_context_base_remove_when_pending_worker
 .text.async_context_base_remove_ready_at_time_worker
                0x10008fc4       0x94 CMakeFiles/encoder_v1.dir/ae783cfadb10a0055c655bcf0b179659/pico-sdk/src/rp2_common/pico_async_context/async_context_base.c.obj
                0x10008fc4                async_context_base_remove_ready_at_time_worker
 .text.async_context_base_refresh_next_timeout
                0x10009058       0x4c CMakeFiles/encoder_v1.dir/ae783cfadb10a0055c655bcf0b179659/pico-sdk/src/rp2_common/pico_async_context/async_context_base.c.obj
                0x10009058                async_context_base_refresh_next_timeout
 .text.async_context_base_execute_once
                0x100090a4       0x48 CMakeFiles/encoder_v1.dir/ae783cfadb10a0055c655bcf0b179659/pico-sdk/src/rp2_common/pico_async_context/async_context_base.c.obj
                0x100090a4                async_context_base_execute_once
 .text.splitmix64
                0x100090ec       0x5c CMakeFiles/encoder_v1.dir/C_/Program_Files/Raspberry_Pi/Pico_SDK_v1.5.1/pico-sdk/src/rp2_common/pico_rand/rand.c.obj
 .text.sdbm_hash64_sram
                0x10009148       0x64 CMakeFiles/encoder_v1.dir/C_/Program_Files/Raspberry_Pi/Pico_SDK_v1.5.1/pico-sdk/src/rp2_common/pico_rand/rand.c.obj
 .text.xoroshiro128ss
                0x100091ac       0xb8 CMakeFiles/encoder_v1.dir/C_/Program_Files/Raspberry_Pi/Pico_SDK_v1.5.1/pico-sdk/src/rp2_common/pico_rand/rand.c.obj
 .text.capture_additional_rosc_samples
                0x10009264      0x1a4 CMakeFiles/encoder_v1.dir/C_/Program_Files/Raspberry_Pi/Pico_SDK_v1.5.1/pico-sdk/src/rp2_common/pico_rand/rand.c.obj
 .text.initialise_rand
                0x10009408      0x118 CMakeFiles/encoder_v1.dir/C_/Program_Files/Raspberry_Pi/Pico_SDK_v1.5.1/pico-sdk/src/rp2_common/pico_rand/rand.c.obj
 .text.get_rand_64
                0x10009520      0x11c CMakeFiles/encoder_v1.dir/C_/Program_Files/Raspberry_Pi/Pico_SDK_v1.5.1/pico-sdk/src/rp2_common/pico_rand/rand.c.obj
                0x10009520                get_rand_64
 .text.get_rand_32
                0x1000963c        0x8 CMakeFiles/encoder_v1.dir/C_/Program_Files/Raspberry_Pi/Pico_SDK_v1.5.1/pico-sdk/src/rp2_common/pico_rand/rand.c.obj
                0x1000963c                get_rand_32
 .text.lwip_init
                0x10009644       0x24 CMakeFiles/encoder_v1.dir/C_/Program_Files/Raspberry_Pi/Pico_SDK_v1.5.1/pico-sdk/lib/lwip/src/core/init.c.obj
                0x10009644                lwip_init
 .text.lwip_htons
                0x10009668        0xa CMakeFiles/encoder_v1.dir/C_/Program_Files/Raspberry_Pi/Pico_SDK_v1.5.1/pico-sdk/lib/lwip/src/core/def.c.obj
                0x10009668                lwip_htons
 .text.lwip_htonl
                0x10009672       0x1c CMakeFiles/encoder_v1.dir/C_/Program_Files/Raspberry_Pi/Pico_SDK_v1.5.1/pico-sdk/lib/lwip/src/core/def.c.obj
                0x10009672                lwip_htonl
 *fill*         0x1000968e        0x2 
 .text.dns_backupserver_available
                0x10009690       0x28 CMakeFiles/encoder_v1.dir/C_/Program_Files/Raspberry_Pi/Pico_SDK_v1.5.1/pico-sdk/lib/lwip/src/core/dns.c.obj
 .text.dns_create_txid
                0x100096b8       0x3c CMakeFiles/encoder_v1.dir/C_/Program_Files/Raspberry_Pi/Pico_SDK_v1.5.1/pico-sdk/lib/lwip/src/core/dns.c.obj
 .text.dns_call_found
                0x100096f4       0xf4 CMakeFiles/encoder_v1.dir/C_/Program_Files/Raspberry_Pi/Pico_SDK_v1.5.1/pico-sdk/lib/lwip/src/core/dns.c.obj
 .text.dns_send
                0x100097e8      0x178 CMakeFiles/encoder_v1.dir/C_/Program_Files/Raspberry_Pi/Pico_SDK_v1.5.1/pico-sdk/lib/lwip/src/core/dns.c.obj
 .text.dns_check_entry
                0x10009960      0x11c CMakeFiles/encoder_v1.dir/C_/Program_Files/Raspberry_Pi/Pico_SDK_v1.5.1/pico-sdk/lib/lwip/src/core/dns.c.obj
 .text.dns_check_entries
                0x10009a7c       0x16 CMakeFiles/encoder_v1.dir/C_/Program_Files/Raspberry_Pi/Pico_SDK_v1.5.1/pico-sdk/lib/lwip/src/core/dns.c.obj
 .text.dns_init
                0x10009a92        0x2 CMakeFiles/encoder_v1.dir/C_/Program_Files/Raspberry_Pi/Pico_SDK_v1.5.1/pico-sdk/lib/lwip/src/core/dns.c.obj
                0x10009a92                dns_init
 .text.dns_setserver
                0x10009a94       0x28 CMakeFiles/encoder_v1.dir/C_/Program_Files/Raspberry_Pi/Pico_SDK_v1.5.1/pico-sdk/lib/lwip/src/core/dns.c.obj
                0x10009a94                dns_setserver
 .text.dns_tmr  0x10009abc        0x8 CMakeFiles/encoder_v1.dir/C_/Program_Files/Raspberry_Pi/Pico_SDK_v1.5.1/pico-sdk/lib/lwip/src/core/dns.c.obj
                0x10009abc                dns_tmr
 .text.lwip_standard_chksum
                0x10009ac4       0xac CMakeFiles/encoder_v1.dir/C_/Program_Files/Raspberry_Pi/Pico_SDK_v1.5.1/pico-sdk/lib/lwip/src/core/inet_chksum.c.obj
                0x10009ac4                lwip_standard_chksum
 .text.inet_cksum_pseudo_base
                0x10009b70       0x7c CMakeFiles/encoder_v1.dir/C_/Program_Files/Raspberry_Pi/Pico_SDK_v1.5.1/pico-sdk/lib/lwip/src/core/inet_chksum.c.obj
 .text.inet_chksum_pseudo
                0x10009bec       0x30 CMakeFiles/encoder_v1.dir/C_/Program_Files/Raspberry_Pi/Pico_SDK_v1.5.1/pico-sdk/lib/lwip/src/core/inet_chksum.c.obj
                0x10009bec                inet_chksum_pseudo
 .text.ip_chksum_pseudo
                0x10009c1c       0x10 CMakeFiles/encoder_v1.dir/C_/Program_Files/Raspberry_Pi/Pico_SDK_v1.5.1/pico-sdk/lib/lwip/src/core/inet_chksum.c.obj
                0x10009c1c                ip_chksum_pseudo
 .text.inet_chksum
                0x10009c2c        0xc CMakeFiles/encoder_v1.dir/C_/Program_Files/Raspberry_Pi/Pico_SDK_v1.5.1/pico-sdk/lib/lwip/src/core/inet_chksum.c.obj
                0x10009c2c                inet_chksum
 .text.inet_chksum_pbuf
                0x10009c38       0x52 CMakeFiles/encoder_v1.dir/C_/Program_Files/Raspberry_Pi/Pico_SDK_v1.5.1/pico-sdk/lib/lwip/src/core/inet_chksum.c.obj
                0x10009c38                inet_chksum_pbuf
 *fill*         0x10009c8a        0x2 
 .text.ptr_to_mem
                0x10009c8c        0xc CMakeFiles/encoder_v1.dir/C_/Program_Files/Raspberry_Pi/Pico_SDK_v1.5.1/pico-sdk/lib/lwip/src/core/mem.c.obj
 .text.mem_to_ptr
                0x10009c98       0x10 CMakeFiles/encoder_v1.dir/C_/Program_Files/Raspberry_Pi/Pico_SDK_v1.5.1/pico-sdk/lib/lwip/src/core/mem.c.obj
 .text.mem_link_valid
                0x10009ca8       0x5c CMakeFiles/encoder_v1.dir/C_/Program_Files/Raspberry_Pi/Pico_SDK_v1.5.1/pico-sdk/lib/lwip/src/core/mem.c.obj
 .text.plug_holes
                0x10009d04       0xd4 CMakeFiles/encoder_v1.dir/C_/Program_Files/Raspberry_Pi/Pico_SDK_v1.5.1/pico-sdk/lib/lwip/src/core/mem.c.obj
 .text.mem_init
                0x10009dd8       0x44 CMakeFiles/encoder_v1.dir/C_/Program_Files/Raspberry_Pi/Pico_SDK_v1.5.1/pico-sdk/lib/lwip/src/core/mem.c.obj
                0x10009dd8                mem_init
 .text.mem_free
                0x10009e1c       0x84 CMakeFiles/encoder_v1.dir/C_/Program_Files/Raspberry_Pi/Pico_SDK_v1.5.1/pico-sdk/lib/lwip/src/core/mem.c.obj
                0x10009e1c                mem_free
 .text.mem_trim
                0x10009ea0      0x134 CMakeFiles/encoder_v1.dir/C_/Program_Files/Raspberry_Pi/Pico_SDK_v1.5.1/pico-sdk/lib/lwip/src/core/mem.c.obj
                0x10009ea0                mem_trim
 .text.mem_malloc
                0x10009fd4      0x134 CMakeFiles/encoder_v1.dir/C_/Program_Files/Raspberry_Pi/Pico_SDK_v1.5.1/pico-sdk/lib/lwip/src/core/mem.c.obj
                0x10009fd4                mem_malloc
 .text.mem_calloc
                0x1000a108       0x28 CMakeFiles/encoder_v1.dir/C_/Program_Files/Raspberry_Pi/Pico_SDK_v1.5.1/pico-sdk/lib/lwip/src/core/mem.c.obj
                0x1000a108                mem_calloc
 .text.do_memp_malloc_pool
                0x1000a130       0x30 CMakeFiles/encoder_v1.dir/C_/Program_Files/Raspberry_Pi/Pico_SDK_v1.5.1/pico-sdk/lib/lwip/src/core/memp.c.obj
 .text.do_memp_free_pool
                0x1000a160       0x28 CMakeFiles/encoder_v1.dir/C_/Program_Files/Raspberry_Pi/Pico_SDK_v1.5.1/pico-sdk/lib/lwip/src/core/memp.c.obj
 .text.memp_init_pool
                0x1000a188       0x2a CMakeFiles/encoder_v1.dir/C_/Program_Files/Raspberry_Pi/Pico_SDK_v1.5.1/pico-sdk/lib/lwip/src/core/memp.c.obj
                0x1000a188                memp_init_pool
 *fill*         0x1000a1b2        0x2 
 .text.memp_init
                0x1000a1b4       0x20 CMakeFiles/encoder_v1.dir/C_/Program_Files/Raspberry_Pi/Pico_SDK_v1.5.1/pico-sdk/lib/lwip/src/core/memp.c.obj
                0x1000a1b4                memp_init
 .text.memp_malloc
                0x1000a1d4       0x24 CMakeFiles/encoder_v1.dir/C_/Program_Files/Raspberry_Pi/Pico_SDK_v1.5.1/pico-sdk/lib/lwip/src/core/memp.c.obj
                0x1000a1d4                memp_malloc
 .text.memp_free
                0x1000a1f8       0x28 CMakeFiles/encoder_v1.dir/C_/Program_Files/Raspberry_Pi/Pico_SDK_v1.5.1/pico-sdk/lib/lwip/src/core/memp.c.obj
                0x1000a1f8                memp_free
 .text.netif_do_set_netmask
                0x1000a220       0x1a CMakeFiles/encoder_v1.dir/C_/Program_Files/Raspberry_Pi/Pico_SDK_v1.5.1/pico-sdk/lib/lwip/src/core/netif.c.obj
 .text.netif_do_set_gw
                0x1000a23a       0x1a CMakeFiles/encoder_v1.dir/C_/Program_Files/Raspberry_Pi/Pico_SDK_v1.5.1/pico-sdk/lib/lwip/src/core/netif.c.obj
 .text.netif_null_output_ip4
                0x1000a254        0x6 CMakeFiles/encoder_v1.dir/C_/Program_Files/Raspberry_Pi/Pico_SDK_v1.5.1/pico-sdk/lib/lwip/src/core/netif.c.obj
 .text.netif_do_ip_addr_changed
                0x1000a25a       0x1c CMakeFiles/encoder_v1.dir/C_/Program_Files/Raspberry_Pi/Pico_SDK_v1.5.1/pico-sdk/lib/lwip/src/core/netif.c.obj
 *fill*         0x1000a276        0x2 
 .text.netif_issue_reports
                0x1000a278       0x34 CMakeFiles/encoder_v1.dir/C_/Program_Files/Raspberry_Pi/Pico_SDK_v1.5.1/pico-sdk/lib/lwip/src/core/netif.c.obj
 .text.netif_do_set_ipaddr
                0x1000a2ac       0x54 CMakeFiles/encoder_v1.dir/C_/Program_Files/Raspberry_Pi/Pico_SDK_v1.5.1/pico-sdk/lib/lwip/src/core/netif.c.obj
 .text.netif_init
                0x1000a300        0x2 CMakeFiles/encoder_v1.dir/C_/Program_Files/Raspberry_Pi/Pico_SDK_v1.5.1/pico-sdk/lib/lwip/src/core/netif.c.obj
                0x1000a300                netif_init
 *fill*         0x1000a302        0x2 
 .text.netif_set_addr
                0x1000a304       0x78 CMakeFiles/encoder_v1.dir/C_/Program_Files/Raspberry_Pi/Pico_SDK_v1.5.1/pico-sdk/lib/lwip/src/core/netif.c.obj
                0x1000a304                netif_set_addr
 .text.netif_add
                0x1000a37c      0x124 CMakeFiles/encoder_v1.dir/C_/Program_Files/Raspberry_Pi/Pico_SDK_v1.5.1/pico-sdk/lib/lwip/src/core/netif.c.obj
                0x1000a37c                netif_add
 .text.netif_set_default
                0x1000a4a0        0xc CMakeFiles/encoder_v1.dir/C_/Program_Files/Raspberry_Pi/Pico_SDK_v1.5.1/pico-sdk/lib/lwip/src/core/netif.c.obj
                0x1000a4a0                netif_set_default
 .text.netif_set_up
                0x1000a4ac       0x34 CMakeFiles/encoder_v1.dir/C_/Program_Files/Raspberry_Pi/Pico_SDK_v1.5.1/pico-sdk/lib/lwip/src/core/netif.c.obj
                0x1000a4ac                netif_set_up
 .text.netif_set_down
                0x1000a4e0       0x38 CMakeFiles/encoder_v1.dir/C_/Program_Files/Raspberry_Pi/Pico_SDK_v1.5.1/pico-sdk/lib/lwip/src/core/netif.c.obj
                0x1000a4e0                netif_set_down
 .text.netif_remove
                0x1000a518       0x64 CMakeFiles/encoder_v1.dir/C_/Program_Files/Raspberry_Pi/Pico_SDK_v1.5.1/pico-sdk/lib/lwip/src/core/netif.c.obj
                0x1000a518                netif_remove
 .text.netif_set_link_up
                0x1000a57c       0x3c CMakeFiles/encoder_v1.dir/C_/Program_Files/Raspberry_Pi/Pico_SDK_v1.5.1/pico-sdk/lib/lwip/src/core/netif.c.obj
                0x1000a57c                netif_set_link_up
 .text.netif_set_link_down
                0x1000a5b8       0x2c CMakeFiles/encoder_v1.dir/C_/Program_Files/Raspberry_Pi/Pico_SDK_v1.5.1/pico-sdk/lib/lwip/src/core/netif.c.obj
                0x1000a5b8                netif_set_link_down
 .text.netif_get_by_index
                0x1000a5e4       0x24 CMakeFiles/encoder_v1.dir/C_/Program_Files/Raspberry_Pi/Pico_SDK_v1.5.1/pico-sdk/lib/lwip/src/core/netif.c.obj
                0x1000a5e4                netif_get_by_index
 .text.pbuf_init_alloced_pbuf
                0x1000a608       0x20 CMakeFiles/encoder_v1.dir/C_/Program_Files/Raspberry_Pi/Pico_SDK_v1.5.1/pico-sdk/lib/lwip/src/core/pbuf.c.obj
 .text.pbuf_skip_const
                0x1000a628       0x1a CMakeFiles/encoder_v1.dir/C_/Program_Files/Raspberry_Pi/Pico_SDK_v1.5.1/pico-sdk/lib/lwip/src/core/pbuf.c.obj
 *fill*         0x1000a642        0x2 
 .text.pbuf_pool_is_empty
                0x1000a644       0x18 CMakeFiles/encoder_v1.dir/C_/Program_Files/Raspberry_Pi/Pico_SDK_v1.5.1/pico-sdk/lib/lwip/src/core/pbuf.c.obj
 .text.pbuf_add_header_impl
                0x1000a65c       0x68 CMakeFiles/encoder_v1.dir/C_/Program_Files/Raspberry_Pi/Pico_SDK_v1.5.1/pico-sdk/lib/lwip/src/core/pbuf.c.obj
 .text.pbuf_free_ooseq
                0x1000a6c4       0x30 CMakeFiles/encoder_v1.dir/C_/Program_Files/Raspberry_Pi/Pico_SDK_v1.5.1/pico-sdk/lib/lwip/src/core/pbuf.c.obj
                0x1000a6c4                pbuf_free_ooseq
 .text.pbuf_alloc_reference
                0x1000a6f4       0x3c CMakeFiles/encoder_v1.dir/C_/Program_Files/Raspberry_Pi/Pico_SDK_v1.5.1/pico-sdk/lib/lwip/src/core/pbuf.c.obj
                0x1000a6f4                pbuf_alloc_reference
 .text.pbuf_add_header
                0x1000a730        0xa CMakeFiles/encoder_v1.dir/C_/Program_Files/Raspberry_Pi/Pico_SDK_v1.5.1/pico-sdk/lib/lwip/src/core/pbuf.c.obj
                0x1000a730                pbuf_add_header
 *fill*         0x1000a73a        0x2 
 .text.pbuf_remove_header
                0x1000a73c       0x50 CMakeFiles/encoder_v1.dir/C_/Program_Files/Raspberry_Pi/Pico_SDK_v1.5.1/pico-sdk/lib/lwip/src/core/pbuf.c.obj
                0x1000a73c                pbuf_remove_header
 .text.pbuf_header_impl
                0x1000a78c       0x14 CMakeFiles/encoder_v1.dir/C_/Program_Files/Raspberry_Pi/Pico_SDK_v1.5.1/pico-sdk/lib/lwip/src/core/pbuf.c.obj
 .text.pbuf_header_force
                0x1000a7a0        0xa CMakeFiles/encoder_v1.dir/C_/Program_Files/Raspberry_Pi/Pico_SDK_v1.5.1/pico-sdk/lib/lwip/src/core/pbuf.c.obj
                0x1000a7a0                pbuf_header_force
 *fill*         0x1000a7aa        0x2 
 .text.pbuf_free
                0x1000a7ac       0x7c CMakeFiles/encoder_v1.dir/C_/Program_Files/Raspberry_Pi/Pico_SDK_v1.5.1/pico-sdk/lib/lwip/src/core/pbuf.c.obj
                0x1000a7ac                pbuf_free
 .text.pbuf_alloc
                0x1000a828      0x148 CMakeFiles/encoder_v1.dir/C_/Program_Files/Raspberry_Pi/Pico_SDK_v1.5.1/pico-sdk/lib/lwip/src/core/pbuf.c.obj
                0x1000a828                pbuf_alloc
 .text.pbuf_realloc
                0x1000a970       0x84 CMakeFiles/encoder_v1.dir/C_/Program_Files/Raspberry_Pi/Pico_SDK_v1.5.1/pico-sdk/lib/lwip/src/core/pbuf.c.obj
                0x1000a970                pbuf_realloc
 .text.pbuf_clen